******************************************************************************
                  TI ARM Linker PC v20.2.7                     
******************************************************************************
>> Linked Sun Apr 14 20:21:06 2024

OUTPUT FILE NAME:   <LAB2_Part1.out>
ENTRY POINT SYMBOL: "_c_int00_noargs"  address: 20008f25


MEMORY CONFIGURATION

         name            origin    length      used     unused   attr    fill
----------------------  --------  ---------  --------  --------  ----  --------
  SRAM_CODE             20004000   00013000  00005f46  0000d0ba  RW X
  SRAM_DATA             20017000   00019000  00001096  00017f6a  RW X


SEGMENT ALLOCATION MAP

run origin  load origin   length   init length attrs members
----------  ----------- ---------- ----------- ----- -------
20004000    20004000    00005f48   00005f48    r-x
  20004000    20004000    00000400   00000400    r-- .intvecs
  20004400    20004400    00004e0a   00004e0a    r-x .text
  2000920c    2000920c    00000cf4   00000cf4    r-- .const
  20009f00    20009f00    00000048   00000048    r-- .cinit
20017000    20017000    00000898   00000000    rw-
  20017000    20017000    00000800   00000000    rw- .sysmem
  20017800    20017800    0000006a   00000000    rw- .bss
  2001786c    2001786c    0000002c   00000000    rw- .data
2002f800    2002f800    00000800   00000000    rw-
  2002f800    2002f800    00000800   00000000    rw- .stack


SECTION ALLOCATION MAP

 output                                  attributes/
section   page    origin      length       input sections
--------  ----  ----------  ----------   ----------------
.intvecs   0    20004000    00000400     
                  20004000    00000400     startup_ccs.obj (.intvecs)

.init_array 
*          0    20004000    00000000     UNINITIALIZED

.text      0    20004400    00004e0a     
                  20004400    00000d60     oled_test.obj (.text)
                  20005160    00000a80     Adafruit_GFX.obj (.text)
                  20005be0    00000a4e     rtsv7M4_T_le_eabi.lib : _printfi.c.obj (.text:__TI_printfi)
                  2000662e    00000002                           : _lock.c.obj (.text:_nop)
                  20006630    0000049e     Adafruit_OLED.obj (.text)
                  20006ace    00000002     rtsv7M4_T_le_eabi.lib : div0.asm.obj (.text)
                  20006ad0    000002b0     main.obj (.text)
                  20006d80    0000027c     uart_if.obj (.text)
                  20006ffc    00000268     rtsv7M4_T_le_eabi.lib : _printfi.c.obj (.text:_pconv_a)
                  20007264    000001cc                           : _printfi.c.obj (.text:_pconv_g)
                  20007430    000001b6                           : fd_add_t2.asm.obj (.text)
                  200075e6    00000002     --HOLE-- [fill = 0]
                  200075e8    00000178     driverlib.a : prcm.obj (.text:PRCMCC3200MCUInit)
                  20007760    0000013c     rtsv7M4_T_le_eabi.lib : _printfi.c.obj (.text:_pconv_e)
                  2000789c    00000136                           : fd_div_t2.asm.obj (.text)
                  200079d2    00000002     --HOLE-- [fill = 0]
                  200079d4    00000120                           : _printfi.c.obj (.text:fcvt)
                  20007af4    00000100                           : memory.c.obj (.text:aligned_alloc)
                  20007bf4    000000fc     pin_mux_config.obj (.text)
                  20007cf0    000000fc     rtsv7M4_T_le_eabi.lib : fd_mul_t2.asm.obj (.text)
                  20007dec    000000e4                           : memory.c.obj (.text:free)
                  20007ed0    000000e4                           : memory.c.obj (.text:realloc)
                  20007fb4    000000d0                           : s_scalbn.c.obj (.text:scalbn)
                  20008084    000000b1                           : _printfi.c.obj (.text:_ltostr)
                  20008135    00000003     --HOLE-- [fill = 0]
                  20008138    000000a8     driverlib.a : interrupt.obj (.text:IntEnable)
                  200081e0    000000a0                 : spi.obj (.text:SPIConfigSetExpClk)
                  20008280    0000009c     rtsv7M4_T_le_eabi.lib : memcpy_t2.asm.obj (.text)
                  2000831c    00000096                           : ull_div_t2.asm.obj (.text)
                  200083b2    00000002     --HOLE-- [fill = 0]
                  200083b4    00000094     driverlib.a : prcm.obj (.text:PRCMPeripheralClockGet)
                  20008448    00000088                 : pin.obj (.text:PinConfigSet)
                  200084d0    00000086     rtsv7M4_T_le_eabi.lib : fd_cmp_t2.asm.obj (.text:__aeabi_cdcmple)
                  20008556    00000086                           : fd_cmp_t2.asm.obj (.text:__aeabi_cdrcmple)
                  200085dc    0000007c     driverlib.a : spi.obj (.text:SPIIntStatus)
                  20008658    0000007a     rtsv7M4_T_le_eabi.lib : memset_t2.asm.obj (.text)
                  200086d2    00000076     driverlib.a : uart.obj (.text:UARTConfigSetExpClk)
                  20008748    00000070     rtsv7M4_T_le_eabi.lib : memory.c.obj (.text:split)
                  200087b8    0000006e                           : _printfi.c.obj (.text:_mcpy)
                  20008826    00000068                           : copy_decompress_lzss.c.obj (.text:decompress:lzss:__TI_decompress_lzss)
                  2000888e    00000002     --HOLE-- [fill = 0]
                  20008890    0000005c                           : s_frexp.c.obj (.text:frexp)
                  200088ec    00000058     driverlib.a : prcm.obj (.text:PRCMPeripheralReset)
                  20008944    00000056     rtsv7M4_T_le_eabi.lib : _printfi.c.obj (.text:_pconv_f)
                  2000899a    00000054                           : _ltoa.c.obj (.text:__TI_ltoa)
                  200089ee    00000052                           : _printfi.c.obj (.text:_ecpy)
                  20008a40    0000004c     driverlib.a : spi.obj (.text:SPIIntEnable)
                  20008a8c    0000004c                 : spi.obj (.text:SPIIntNumberGet)
                  20008ad8    0000004c     rtsv7M4_T_le_eabi.lib : atoi.c.obj (.text:atoi)
                  20008b24    00000048     driverlib.a : spi.obj (.text:SPIIntClear)
                  20008b6c    00000048     rtsv7M4_T_le_eabi.lib : fd_toi_t2.asm.obj (.text)
                  20008bb4    00000044     driverlib.a : spi.obj (.text:SPIDmaMaskGet)
                  20008bf8    00000044     rtsv7M4_T_le_eabi.lib : autoinit.c.obj (.text:__TI_auto_init_nobinit_nopinit:__TI_auto_init_nobinit_nopinit)
                  20008c3c    00000040     driverlib.a : pin.obj (.text:PinModeSet)
                  20008c7c    00000040     rtsv7M4_T_le_eabi.lib : vsnprintf.c.obj (.text:vsnprintf)
                  20008cbc    0000003e                           : _printfi.c.obj (.text:_fcpy)
                  20008cfa    00000002     --HOLE-- [fill = 0]
                  20008cfc    0000003c     driverlib.a : prcm.obj (.text:PRCMPeripheralClkEnable)
                  20008d38    00000036                 : gpio.obj (.text:GPIODirModeSet)
                  20008d6e    00000030                 : pin.obj (.text:PinTypeGPIO)
                  20008d9e    00000002     --HOLE-- [fill = 0]
                  20008da0    00000030                 : uart.obj (.text:UARTDisable)
                  20008dd0    00000030     rtsv7M4_T_le_eabi.lib : vsnprintf.c.obj (.text:_outs)
                  20008e00    0000002e                           : i_tofd_t2.asm.obj (.text)
                  20008e2e    00000002     --HOLE-- [fill = 0]
                  20008e30    0000002c     driverlib.a : prcm.obj (.text:PRCMSysResetCauseGet)
                  20008e5c    0000002a                 : spi.obj (.text:SPIDataGetNonBlocking)
                  20008e86    00000002     --HOLE-- [fill = 0]
                  20008e88    00000028                 : prcm.obj (.text:PRCMPeripheralClkDisable)
                  20008eb0    00000028     rtsv7M4_T_le_eabi.lib : memory.c.obj (.text:free_list_insert)
                  20008ed8    00000028                           : memmov.c.obj (.text:memmove)
                  20008f00    00000024     driverlib.a : uart.obj (.text:UARTEnable)
                  20008f24    00000024     rtsv7M4_T_le_eabi.lib : boot_cortex_m.c.obj (.text:_c_int00_noargs:_c_int00_noargs)
                  20008f48    00000022     driverlib.a : spi.obj (.text:SPIReset)
                  20008f6a    00000020                 : gpio.obj (.text:GPIOPinWrite)
                  20008f8a    00000002     --HOLE-- [fill = 0]
                  20008f8c    00000020                 : interrupt.obj (.text:IntRegister)
                  20008fac    00000020                 : spi.obj (.text:SPIDataGet)
                  20008fcc    0000001e                 : spi.obj (.text:SPIDataPut)
                  20008fea    0000001e                 : spi.obj (.text:SPIIntRegister)
                  20009008    0000001e                 : uart.obj (.text:UARTCharPut)
                  20009026    0000001c                 : uart.obj (.text:UARTCharGetNonBlocking)
                  20009042    0000001c     rtsv7M4_T_le_eabi.lib : copy_zero_init.c.obj (.text:decompress:ZI:__TI_zero_init_nomemset:__TI_zero_init_nomemset)
                  2000905e    00000002     --HOLE-- [fill = 0]
                  20009060    0000001c                           : memory.c.obj (.text:free_list_remove)
                  2000907c    0000001c                           : memccpy.c.obj (.text:memccpy)
                  20009098    0000001a     driverlib.a : pin.obj (.text:PinTypeSPI)
                  200090b2    00000018                 : spi.obj (.text:SPICSDisable)
                  200090ca    00000018                 : spi.obj (.text:SPICSEnable)
                  200090e2    00000018                 : spi.obj (.text:SPIEnable)
                  200090fa    00000018                 : uart.obj (.text:UARTCharsAvail)
                  20009112    00000018     rtsv7M4_T_le_eabi.lib : vsnprintf.c.obj (.text:_outc)
                  2000912a    00000016     driverlib.a : prcm.obj (.text:PRCMHIBRegRead)
                  20009140    00000016                 : prcm.obj (.text:PRCMHIBRegWrite)
                  20009156    00000016     rtsv7M4_T_le_eabi.lib : strchr.c.obj (.text:strchr)
                  2000916c    00000014     driverlib.a : cpu.obj (.text:CPUcpsie)
                  20009180    00000014                 : interrupt.obj (.text:IntVTableBaseSet)
                  20009194    00000014     rtsv7M4_T_le_eabi.lib : strlen.c.obj (.text:strlen)
                  200091a8    00000012                           : wcslen.c.obj (.text:wcslen)
                  200091ba    0000000e                           : copy_decompress_none.c.obj (.text:decompress:none:__TI_decompress_none)
                  200091c8    0000000e     startup_ccs.obj (.text)
                  200091d6    0000000c     rtsv7M4_T_le_eabi.lib : s_copysign.c.obj (.text:copysign)
                  200091e2    0000000a     driverlib.a : interrupt.obj (.text:IntMasterEnable)
                  200091ec    00000008     rtsv7M4_T_le_eabi.lib : errno.c.obj (.text:__aeabi_errno_addr)
                  200091f4    00000008                           : memory.c.obj (.text:malloc)
                  200091fc    00000006     driverlib.a : utils.obj (.text:UtilsDelay)
                  20009202    00000004     rtsv7M4_T_le_eabi.lib : pre_init.c.obj (.text:_system_pre_init)
                  20009206    00000004                           : exit.c.obj (.text:abort:abort)

.const     0    2000920c    00000cf4     
                  2000920c    000004fb     Adafruit_GFX.obj (.const:.string:font)
                  20009707    000004fb     oled_test.obj (.const:.string:font)
                  20009c02    00000101     rtsv7M4_T_le_eabi.lib : ctype.c.obj (.const:.string:_ctypes_)
                  20009d03    00000001     --HOLE-- [fill = 0]
                  20009d04    00000100     driverlib.a : pin.obj (.const:g_ulPinToPadMap)
                  20009e04    000000a8                 : prcm.obj (.const:PRCM_PeriphRegsList)
                  20009eac    00000024                 : spi.obj (.const:g_ppulSPIIntMap)
                  20009ed0    00000018                 : interrupt.obj (.const:g_pulEnRegs)
                  20009ee8    00000018                 : spi.obj (.const:g_ulSPIDmaMaskMap)

.cinit     0    20009f00    00000048     
                  20009f00    00000020     (.cinit..data.load) [load image, compression = lzss]
                  20009f20    0000000c     (__TI_handler_table)
                  20009f2c    00000004     --HOLE-- [fill = 0]
                  20009f30    00000008     (.cinit..bss.load) [load image, compression = zero_init]
                  20009f38    00000010     (__TI_cinit_table)

.sysmem    0    20017000    00000800     UNINITIALIZED
                  20017000    00000010     rtsv7M4_T_le_eabi.lib : memory.c.obj (.sysmem)
                  20017010    000007f0     --HOLE--

.bss       0    20017800    0000006a     UNINITIALIZED
                  20017800    00000064     main.obj (.bss:g_ucTxBuff)
                  20017864    00000004     uart_if.obj (.bss)
                  20017868    00000002     main.obj (.bss)

.data      0    2001786c    0000002c     UNINITIALIZED
                  2001786c    00000015     Adafruit_GFX.obj (.data)
                  20017881    00000003     --HOLE--
                  20017884    00000008     rtsv7M4_T_le_eabi.lib : _lock.c.obj (.data:$O1$$)
                  2001788c    00000008                           : memory.c.obj (.data:$O1$$)
                  20017894    00000004                           : errno.c.obj (.data)

.stack     0    2002f800    00000800     UNINITIALIZED
                  2002f800    00000004     rtsv7M4_T_le_eabi.lib : boot_cortex_m.c.obj (.stack)
                  2002f804    000007fc     --HOLE--

__llvm_prf_cnts 
*          0    20017000    00000000     UNINITIALIZED

MODULE SUMMARY

       Module                       code    ro data   rw data
       ------                       ----    -------   -------
    .\
       oled_test.obj                3424    1275      0      
       Adafruit_GFX.obj             2688    1275      21     
       Adafruit_OLED.obj            1182    0         0      
       startup_ccs.obj              14      1024      0      
       main.obj                     688     0         102    
       uart_if.obj                  636     0         4      
       pin_mux_config.obj           252     0         0      
    +--+----------------------------+-------+---------+---------+
       Total:                       8884    3574      127    
                                                             
    C:/ti/CC3200SDK_1.5.0/cc3200-sdk/driverlib/ccs/Release/driverlib.a
       prcm.obj                     800     168       0      
       spi.obj                      816     60        0      
       pin.obj                      274     256       0      
       uart.obj                     284     0         0      
       interrupt.obj                230     24        0      
       gpio.obj                     86      0         0      
       cpu.obj                      20      0         0      
       utils.obj                    6       0         0      
    +--+----------------------------+-------+---------+---------+
       Total:                       2516    508       0      
                                                             
    C:\ti\ccs1260\ccs\tools\compiler\ti-cgt-arm_20.2.7.LTS\lib\rtsv7M4_T_le_eabi.lib
       _printfi.c.obj               4835    0         0      
       memory.c.obj                 900     0         8      
       fd_add_t2.asm.obj            438     0         0      
       fd_div_t2.asm.obj            310     0         0      
       fd_cmp_t2.asm.obj            268     0         0      
       ctype.c.obj                  0       257       0      
       fd_mul_t2.asm.obj            252     0         0      
       s_scalbn.c.obj               208     0         0      
       memcpy_t2.asm.obj            156     0         0      
       ull_div_t2.asm.obj           150     0         0      
       vsnprintf.c.obj              136     0         0      
       memset_t2.asm.obj            122     0         0      
       copy_decompress_lzss.c.obj   104     0         0      
       s_frexp.c.obj                92      0         0      
       _ltoa.c.obj                  84      0         0      
       atoi.c.obj                   76      0         0      
       fd_toi_t2.asm.obj            72      0         0      
       autoinit.c.obj               68      0         0      
       i_tofd_t2.asm.obj            46      0         0      
       memmov.c.obj                 40      0         0      
       boot_cortex_m.c.obj          36      0         0      
       copy_zero_init.c.obj         28      0         0      
       memccpy.c.obj                28      0         0      
       strchr.c.obj                 22      0         0      
       strlen.c.obj                 20      0         0      
       wcslen.c.obj                 18      0         0      
       copy_decompress_none.c.obj   14      0         0      
       errno.c.obj                  8       0         4      
       s_copysign.c.obj             12      0         0      
       _lock.c.obj                  2       0         8      
       exit.c.obj                   4       0         0      
       pre_init.c.obj               4       0         0      
       div0.asm.obj                 2       0         0      
    +--+----------------------------+-------+---------+---------+
       Total:                       8555    257       20     
                                                             
       Heap:                        0       0         2048   
       Stack:                       0       0         2048   
       Linker Generated:            0       68        0      
    +--+----------------------------+-------+---------+---------+
       Grand Total:                 19955   4407      4243   


LINKER GENERATED COPY TABLES

__TI_cinit_table @ 20009f38 records: 2, size/record: 8, table size: 16
	.data: load addr=20009f00, load size=00000020 bytes, run addr=2001786c, run size=0000002c bytes, compression=lzss
	.bss: load addr=20009f30, load size=00000008 bytes, run addr=20017800, run size=0000006a bytes, compression=zero_init


LINKER GENERATED HANDLER TABLE

__TI_handler_table @ 20009f20 records: 3, size/record: 4, table size: 12
	index: 0, handler: __TI_decompress_lzss
	index: 1, handler: __TI_decompress_none
	index: 2, handler: __TI_zero_init


GLOBAL SYMBOLS: SORTED ALPHABETICALLY BY Name 

address   name                          
-------   ----                          
200066b9  Adafruit_Init                 
20009207  C$$EXIT                       
2000916d  CPUcpsie                      
20006dc1  ClearTerm                     
2000682f  Color565                      
20006dcb  Error                         
20008d39  GPIODirModeSet                
20008f6b  GPIOPinWrite                  
20006e03  GetCmd                        
2000446f  Hello_World                   
20006d81  InitTerm                      
20008139  IntEnable                     
200091e3  IntMasterEnable               
20008f8d  IntRegister                   
20009181  IntVTableBaseSet              
20006b41  MasterMain                    
20006d9f  Message                       
20005b0b  Outstr                        
200075e9  PRCMCC3200MCUInit             
2000912b  PRCMHIBRegRead                
20009141  PRCMHIBRegWrite               
20008e89  PRCMPeripheralClkDisable      
20008cfd  PRCMPeripheralClkEnable       
200083b5  PRCMPeripheralClockGet        
200088ed  PRCMPeripheralReset           
20008e31  PRCMSysResetCauseGet          
20008449  PinConfigSet                  
20008c3d  PinModeSet                    
20007bf5  PinMuxConfig                  
20008d6f  PinTypeGPIO                   
20009099  PinTypeSPI                    
20006f41  Report                        
200091c9  ResetISR                      
200090b3  SPICSDisable                  
200090cb  SPICSEnable                   
200081e1  SPIConfigSetExpClk            
20008fad  SPIDataGet                    
20008e5d  SPIDataGetNonBlocking         
20008fcd  SPIDataPut                    
200090e3  SPIEnable                     
20008b25  SPIIntClear                   
20008a41  SPIIntEnable                  
20008feb  SPIIntRegister                
200085dd  SPIIntStatus                  
20008f49  SPIReset                      
20006b81  SlaveMain                     
20006ea9  TrimSpace                     
20009027  UARTCharGetNonBlocking        
20009009  UARTCharPut                   
200090fb  UARTCharsAvail                
200086d3  UARTConfigSetExpClk           
20008da1  UARTDisable                   
20008f01  UARTEnable                    
200091fd  UtilsDelay                    
20030000  __STACK_END                   
00000800  __STACK_SIZE                  
00000800  __SYSMEM_SIZE                 
20009f38  __TI_CINIT_Base               
20009f48  __TI_CINIT_Limit              
20009f20  __TI_Handler_Table_Base       
20009f2c  __TI_Handler_Table_Limit      
20008bf9  __TI_auto_init_nobinit_nopinit
20008827  __TI_decompress_lzss          
200091bb  __TI_decompress_none          
2000899b  __TI_ltoa                     
ffffffff  __TI_pprof_out_hndl           
20005be1  __TI_printfi                  
ffffffff  __TI_prof_data_size           
ffffffff  __TI_prof_data_start          
20009f00  __TI_static_base__            
20009043  __TI_zero_init_nomemset       
200084d1  __aeabi_cdcmpeq               
200084d1  __aeabi_cdcmple               
20008557  __aeabi_cdrcmple              
20008b6d  __aeabi_d2iz                  
2000743b  __aeabi_dadd                  
2000789d  __aeabi_ddiv                  
20007cf1  __aeabi_dmul                  
20007431  __aeabi_dsub                  
200091ed  __aeabi_errno_addr            
20008e01  __aeabi_i2d                   
20006acf  __aeabi_idiv0                 
20006acf  __aeabi_ldiv0                 
20008659  __aeabi_memclr                
20008659  __aeabi_memclr4               
20008659  __aeabi_memclr8               
20008281  __aeabi_memcpy                
20008281  __aeabi_memcpy4               
20008281  __aeabi_memcpy8               
2000865b  __aeabi_memset                
2000865b  __aeabi_memset4               
2000865b  __aeabi_memset8               
2000831d  __aeabi_uldivmod              
ffffffff  __binit__                     
ffffffff  __c_args__                    
UNDEFED   __mpu_init                    
2002f800  __stack                       
20017000  __start___llvm_prf_cnts       
20017000  __stop___llvm_prf_cnts        
20008f25  _c_int00_noargs               
20009c02  _ctypes_                      
20017884  _lock                         
2000662f  _nop                          
20017000  _sys_memory                   
UNDEFED   _system_post_cinit            
20009203  _system_pre_init              
20017888  _unlock                       
20009207  abort                         
20007af5  aligned_alloc                 
20008ad9  atoi                          
ffffffff  binit                         
200091d7  copysign                      
200091d7  copysignl                     
2001786c  cursor_x                      
20017870  cursor_y                      
20004599  delay                         
200059bf  drawChar                      
20005161  drawCircle                    
20005295  drawCircleHelper              
200069d9  drawFastHLine                 
2000693d  drawFastVLine                 
200054db  drawLine                      
20006a75  drawPixel                     
200055c7  drawRect                      
20005615  drawRoundRect                 
2000577d  drawTriangle                  
20004b11  eight_h                       
20004d61  eight_v                       
20017894  errno                         
200053b3  fillCircle                    
200053ed  fillCircleHelper              
20006887  fillRect                      
20005703  fillRoundRect                 
20006871  fillScreen                    
200057bf  fillTriangle                  
20004401  font_table                    
20007ded  free                          
20008891  frexp                         
20008891  frexpl                        
20004000  g_pfnVectors                  
200067eb  goTo                          
20005bbf  height                        
20006ab3  invert                        
20004fc1  lcdTestPattern                
20005091  lcdTestPattern2               
20007fb5  ldexp                         
20007fb5  ldexpl                        
20006bf1  main                          
200091f5  malloc                        
20007af5  memalign                      
2000907d  memccpy                       
20008281  memcpy                        
20008ed9  memmove                       
20008661  memset                        
20007ed1  realloc                       
20007fb5  scalbn                        
20007fb5  scalbnl                       
20005b57  setCursor                     
20005b8f  setTextColor                  
20005b6f  setTextSize                   
20005ba7  setTextWrap                   
20009157  strchr                        
20009195  strlen                        
200047d5  testdrawcircles               
2000463f  testdrawrects                 
200045cd  testfastlines                 
20004763  testfillcircles               
200046a5  testfillrects                 
20004943  testlines                     
200048d1  testroundrects                
2000484f  testtriangles                 
2001787c  textbgcolor                   
20017878  textcolor                     
20017874  textsize                      
20008c7d  vsnprintf                     
200091a9  wcslen                        
20005bbb  width                         
20017880  wrap                          
20006631  writeCommand                  
20006675  writeData                     


GLOBAL SYMBOLS: SORTED BY Symbol Address 

address   name                          
-------   ----                          
00000800  __STACK_SIZE                  
00000800  __SYSMEM_SIZE                 
20004000  g_pfnVectors                  
20004401  font_table                    
2000446f  Hello_World                   
20004599  delay                         
200045cd  testfastlines                 
2000463f  testdrawrects                 
200046a5  testfillrects                 
20004763  testfillcircles               
200047d5  testdrawcircles               
2000484f  testtriangles                 
200048d1  testroundrects                
20004943  testlines                     
20004b11  eight_h                       
20004d61  eight_v                       
20004fc1  lcdTestPattern                
20005091  lcdTestPattern2               
20005161  drawCircle                    
20005295  drawCircleHelper              
200053b3  fillCircle                    
200053ed  fillCircleHelper              
200054db  drawLine                      
200055c7  drawRect                      
20005615  drawRoundRect                 
20005703  fillRoundRect                 
2000577d  drawTriangle                  
200057bf  fillTriangle                  
200059bf  drawChar                      
20005b0b  Outstr                        
20005b57  setCursor                     
20005b6f  setTextSize                   
20005b8f  setTextColor                  
20005ba7  setTextWrap                   
20005bbb  width                         
20005bbf  height                        
20005be1  __TI_printfi                  
2000662f  _nop                          
20006631  writeCommand                  
20006675  writeData                     
200066b9  Adafruit_Init                 
200067eb  goTo                          
2000682f  Color565                      
20006871  fillScreen                    
20006887  fillRect                      
2000693d  drawFastVLine                 
200069d9  drawFastHLine                 
20006a75  drawPixel                     
20006ab3  invert                        
20006acf  __aeabi_idiv0                 
20006acf  __aeabi_ldiv0                 
20006b41  MasterMain                    
20006b81  SlaveMain                     
20006bf1  main                          
20006d81  InitTerm                      
20006d9f  Message                       
20006dc1  ClearTerm                     
20006dcb  Error                         
20006e03  GetCmd                        
20006ea9  TrimSpace                     
20006f41  Report                        
20007431  __aeabi_dsub                  
2000743b  __aeabi_dadd                  
200075e9  PRCMCC3200MCUInit             
2000789d  __aeabi_ddiv                  
20007af5  aligned_alloc                 
20007af5  memalign                      
20007bf5  PinMuxConfig                  
20007cf1  __aeabi_dmul                  
20007ded  free                          
20007ed1  realloc                       
20007fb5  ldexp                         
20007fb5  ldexpl                        
20007fb5  scalbn                        
20007fb5  scalbnl                       
20008139  IntEnable                     
200081e1  SPIConfigSetExpClk            
20008281  __aeabi_memcpy                
20008281  __aeabi_memcpy4               
20008281  __aeabi_memcpy8               
20008281  memcpy                        
2000831d  __aeabi_uldivmod              
200083b5  PRCMPeripheralClockGet        
20008449  PinConfigSet                  
200084d1  __aeabi_cdcmpeq               
200084d1  __aeabi_cdcmple               
20008557  __aeabi_cdrcmple              
200085dd  SPIIntStatus                  
20008659  __aeabi_memclr                
20008659  __aeabi_memclr4               
20008659  __aeabi_memclr8               
2000865b  __aeabi_memset                
2000865b  __aeabi_memset4               
2000865b  __aeabi_memset8               
20008661  memset                        
200086d3  UARTConfigSetExpClk           
20008827  __TI_decompress_lzss          
20008891  frexp                         
20008891  frexpl                        
200088ed  PRCMPeripheralReset           
2000899b  __TI_ltoa                     
20008a41  SPIIntEnable                  
20008ad9  atoi                          
20008b25  SPIIntClear                   
20008b6d  __aeabi_d2iz                  
20008bf9  __TI_auto_init_nobinit_nopinit
20008c3d  PinModeSet                    
20008c7d  vsnprintf                     
20008cfd  PRCMPeripheralClkEnable       
20008d39  GPIODirModeSet                
20008d6f  PinTypeGPIO                   
20008da1  UARTDisable                   
20008e01  __aeabi_i2d                   
20008e31  PRCMSysResetCauseGet          
20008e5d  SPIDataGetNonBlocking         
20008e89  PRCMPeripheralClkDisable      
20008ed9  memmove                       
20008f01  UARTEnable                    
20008f25  _c_int00_noargs               
20008f49  SPIReset                      
20008f6b  GPIOPinWrite                  
20008f8d  IntRegister                   
20008fad  SPIDataGet                    
20008fcd  SPIDataPut                    
20008feb  SPIIntRegister                
20009009  UARTCharPut                   
20009027  UARTCharGetNonBlocking        
20009043  __TI_zero_init_nomemset       
2000907d  memccpy                       
20009099  PinTypeSPI                    
200090b3  SPICSDisable                  
200090cb  SPICSEnable                   
200090e3  SPIEnable                     
200090fb  UARTCharsAvail                
2000912b  PRCMHIBRegRead                
20009141  PRCMHIBRegWrite               
20009157  strchr                        
2000916d  CPUcpsie                      
20009181  IntVTableBaseSet              
20009195  strlen                        
200091a9  wcslen                        
200091bb  __TI_decompress_none          
200091c9  ResetISR                      
200091d7  copysign                      
200091d7  copysignl                     
200091e3  IntMasterEnable               
200091ed  __aeabi_errno_addr            
200091f5  malloc                        
200091fd  UtilsDelay                    
20009203  _system_pre_init              
20009207  C$$EXIT                       
20009207  abort                         
20009c02  _ctypes_                      
20009f00  __TI_static_base__            
20009f20  __TI_Handler_Table_Base       
20009f2c  __TI_Handler_Table_Limit      
20009f38  __TI_CINIT_Base               
20009f48  __TI_CINIT_Limit              
20017000  __start___llvm_prf_cnts       
20017000  __stop___llvm_prf_cnts        
20017000  _sys_memory                   
2001786c  cursor_x                      
20017870  cursor_y                      
20017874  textsize                      
20017878  textcolor                     
2001787c  textbgcolor                   
20017880  wrap                          
20017884  _lock                         
20017888  _unlock                       
20017894  errno                         
2002f800  __stack                       
20030000  __STACK_END                   
ffffffff  __TI_pprof_out_hndl           
ffffffff  __TI_prof_data_size           
ffffffff  __TI_prof_data_start          
ffffffff  __binit__                     
ffffffff  __c_args__                    
ffffffff  binit                         
UNDEFED   __mpu_init                    
UNDEFED   _system_post_cinit            

[180 symbols]
