<?xml version="1.0" encoding="ISO-8859-1" ?>
<link_info>
   <banner>TI ARM Linker PC v20.2.7.LTS</banner>
   <copyright>Copyright (c) 1996-2018 Texas Instruments Incorporated</copyright>
   <link_time>0x661c9d22</link_time>
   <link_errors>0x0</link_errors>
   <output_file>LAB2_Part1.out</output_file>
   <entry_point>
      <name>_c_int00_noargs</name>
      <address>0x20008f25</address>
   </entry_point>
   <input_file_list>
      <input_file id="fl-2">
         <path>.\</path>
         <kind>object</kind>
         <file>Adafruit_GFX.obj</file>
         <name>Adafruit_GFX.obj</name>
      </input_file>
      <input_file id="fl-3">
         <path>.\</path>
         <kind>object</kind>
         <file>Adafruit_OLED.obj</file>
         <name>Adafruit_OLED.obj</name>
      </input_file>
      <input_file id="fl-4">
         <path>.\</path>
         <kind>object</kind>
         <file>main.obj</file>
         <name>main.obj</name>
      </input_file>
      <input_file id="fl-5">
         <path>.\</path>
         <kind>object</kind>
         <file>oled_test.obj</file>
         <name>oled_test.obj</name>
      </input_file>
      <input_file id="fl-6">
         <path>.\</path>
         <kind>object</kind>
         <file>pin_mux_config.obj</file>
         <name>pin_mux_config.obj</name>
      </input_file>
      <input_file id="fl-7">
         <path>.\</path>
         <kind>object</kind>
         <file>startup_ccs.obj</file>
         <name>startup_ccs.obj</name>
      </input_file>
      <input_file id="fl-8">
         <path>.\</path>
         <kind>object</kind>
         <file>uart_if.obj</file>
         <name>uart_if.obj</name>
      </input_file>
      <input_file id="fl-d">
         <kind>object</kind>
         <file>&lt;internal&gt;</file>
         <name>&lt;internal&gt;</name>
      </input_file>
      <input_file id="fl-e">
         <path>C:\ti\CC3200SDK_1.5.0\cc3200-sdk\driverlib\ccs\Release\</path>
         <kind>archive</kind>
         <file>driverlib.a</file>
         <name>gpio.obj</name>
      </input_file>
      <input_file id="fl-f">
         <path>C:\ti\CC3200SDK_1.5.0\cc3200-sdk\driverlib\ccs\Release\</path>
         <kind>archive</kind>
         <file>driverlib.a</file>
         <name>interrupt.obj</name>
      </input_file>
      <input_file id="fl-10">
         <path>C:\ti\CC3200SDK_1.5.0\cc3200-sdk\driverlib\ccs\Release\</path>
         <kind>archive</kind>
         <file>driverlib.a</file>
         <name>pin.obj</name>
      </input_file>
      <input_file id="fl-11">
         <path>C:\ti\CC3200SDK_1.5.0\cc3200-sdk\driverlib\ccs\Release\</path>
         <kind>archive</kind>
         <file>driverlib.a</file>
         <name>prcm.obj</name>
      </input_file>
      <input_file id="fl-12">
         <path>C:\ti\CC3200SDK_1.5.0\cc3200-sdk\driverlib\ccs\Release\</path>
         <kind>archive</kind>
         <file>driverlib.a</file>
         <name>spi.obj</name>
      </input_file>
      <input_file id="fl-13">
         <path>C:\ti\CC3200SDK_1.5.0\cc3200-sdk\driverlib\ccs\Release\</path>
         <kind>archive</kind>
         <file>driverlib.a</file>
         <name>uart.obj</name>
      </input_file>
      <input_file id="fl-14">
         <path>C:\ti\CC3200SDK_1.5.0\cc3200-sdk\driverlib\ccs\Release\</path>
         <kind>archive</kind>
         <file>driverlib.a</file>
         <name>utils.obj</name>
      </input_file>
      <input_file id="fl-15">
         <path>C:\ti\CC3200SDK_1.5.0\cc3200-sdk\driverlib\ccs\Release\</path>
         <kind>archive</kind>
         <file>driverlib.a</file>
         <name>cpu.obj</name>
      </input_file>
      <input_file id="fl-16">
         <path>C:\ti\CC3200SDK_1.5.0\cc3200-sdk\driverlib\ccs\Release\</path>
         <kind>archive</kind>
         <file>driverlib.a</file>
         <name>flash.obj</name>
      </input_file>
      <input_file id="fl-cc">
         <path>C:\ti\ccs1260\ccs\tools\compiler\ti-cgt-arm_20.2.7.LTS\lib\</path>
         <kind>archive</kind>
         <file>rtsv7M4_T_le_eabi.lib</file>
         <name>vsnprintf.c.obj</name>
      </input_file>
      <input_file id="fl-cd">
         <path>C:\ti\ccs1260\ccs\tools\compiler\ti-cgt-arm_20.2.7.LTS\lib\</path>
         <kind>archive</kind>
         <file>rtsv7M4_T_le_eabi.lib</file>
         <name>memcpy_t2.asm.obj</name>
      </input_file>
      <input_file id="fl-ce">
         <path>C:\ti\ccs1260\ccs\tools\compiler\ti-cgt-arm_20.2.7.LTS\lib\</path>
         <kind>archive</kind>
         <file>rtsv7M4_T_le_eabi.lib</file>
         <name>ull_div_t2.asm.obj</name>
      </input_file>
      <input_file id="fl-cf">
         <path>C:\ti\ccs1260\ccs\tools\compiler\ti-cgt-arm_20.2.7.LTS\lib\</path>
         <kind>archive</kind>
         <file>rtsv7M4_T_le_eabi.lib</file>
         <name>copy_zero_init.c.obj</name>
      </input_file>
      <input_file id="fl-d0">
         <path>C:\ti\ccs1260\ccs\tools\compiler\ti-cgt-arm_20.2.7.LTS\lib\</path>
         <kind>archive</kind>
         <file>rtsv7M4_T_le_eabi.lib</file>
         <name>copy_decompress_none.c.obj</name>
      </input_file>
      <input_file id="fl-d1">
         <path>C:\ti\ccs1260\ccs\tools\compiler\ti-cgt-arm_20.2.7.LTS\lib\</path>
         <kind>archive</kind>
         <file>rtsv7M4_T_le_eabi.lib</file>
         <name>copy_decompress_lzss.c.obj</name>
      </input_file>
      <input_file id="fl-d2">
         <path>C:\ti\ccs1260\ccs\tools\compiler\ti-cgt-arm_20.2.7.LTS\lib\</path>
         <kind>archive</kind>
         <file>rtsv7M4_T_le_eabi.lib</file>
         <name>memmov.c.obj</name>
      </input_file>
      <input_file id="fl-d3">
         <path>C:\ti\ccs1260\ccs\tools\compiler\ti-cgt-arm_20.2.7.LTS\lib\</path>
         <kind>archive</kind>
         <file>rtsv7M4_T_le_eabi.lib</file>
         <name>memory.c.obj</name>
      </input_file>
      <input_file id="fl-d4">
         <path>C:\ti\ccs1260\ccs\tools\compiler\ti-cgt-arm_20.2.7.LTS\lib\</path>
         <kind>archive</kind>
         <file>rtsv7M4_T_le_eabi.lib</file>
         <name>strlen.c.obj</name>
      </input_file>
      <input_file id="fl-d5">
         <path>C:\ti\ccs1260\ccs\tools\compiler\ti-cgt-arm_20.2.7.LTS\lib\</path>
         <kind>archive</kind>
         <file>rtsv7M4_T_le_eabi.lib</file>
         <name>boot_cortex_m.c.obj</name>
      </input_file>
      <input_file id="fl-d6">
         <path>C:\ti\ccs1260\ccs\tools\compiler\ti-cgt-arm_20.2.7.LTS\lib\</path>
         <kind>archive</kind>
         <file>rtsv7M4_T_le_eabi.lib</file>
         <name>_printfi.c.obj</name>
      </input_file>
      <input_file id="fl-d7">
         <path>C:\ti\ccs1260\ccs\tools\compiler\ti-cgt-arm_20.2.7.LTS\lib\</path>
         <kind>archive</kind>
         <file>rtsv7M4_T_le_eabi.lib</file>
         <name>div0.asm.obj</name>
      </input_file>
      <input_file id="fl-d8">
         <path>C:\ti\ccs1260\ccs\tools\compiler\ti-cgt-arm_20.2.7.LTS\lib\</path>
         <kind>archive</kind>
         <file>rtsv7M4_T_le_eabi.lib</file>
         <name>fd_add_t2.asm.obj</name>
      </input_file>
      <input_file id="fl-d9">
         <path>C:\ti\ccs1260\ccs\tools\compiler\ti-cgt-arm_20.2.7.LTS\lib\</path>
         <kind>archive</kind>
         <file>rtsv7M4_T_le_eabi.lib</file>
         <name>fd_cmp_t2.asm.obj</name>
      </input_file>
      <input_file id="fl-da">
         <path>C:\ti\ccs1260\ccs\tools\compiler\ti-cgt-arm_20.2.7.LTS\lib\</path>
         <kind>archive</kind>
         <file>rtsv7M4_T_le_eabi.lib</file>
         <name>fd_div_t2.asm.obj</name>
      </input_file>
      <input_file id="fl-db">
         <path>C:\ti\ccs1260\ccs\tools\compiler\ti-cgt-arm_20.2.7.LTS\lib\</path>
         <kind>archive</kind>
         <file>rtsv7M4_T_le_eabi.lib</file>
         <name>fd_mul_t2.asm.obj</name>
      </input_file>
      <input_file id="fl-dc">
         <path>C:\ti\ccs1260\ccs\tools\compiler\ti-cgt-arm_20.2.7.LTS\lib\</path>
         <kind>archive</kind>
         <file>rtsv7M4_T_le_eabi.lib</file>
         <name>fd_toi_t2.asm.obj</name>
      </input_file>
      <input_file id="fl-dd">
         <path>C:\ti\ccs1260\ccs\tools\compiler\ti-cgt-arm_20.2.7.LTS\lib\</path>
         <kind>archive</kind>
         <file>rtsv7M4_T_le_eabi.lib</file>
         <name>i_tofd_t2.asm.obj</name>
      </input_file>
      <input_file id="fl-de">
         <path>C:\ti\ccs1260\ccs\tools\compiler\ti-cgt-arm_20.2.7.LTS\lib\</path>
         <kind>archive</kind>
         <file>rtsv7M4_T_le_eabi.lib</file>
         <name>memset_t2.asm.obj</name>
      </input_file>
      <input_file id="fl-df">
         <path>C:\ti\ccs1260\ccs\tools\compiler\ti-cgt-arm_20.2.7.LTS\lib\</path>
         <kind>archive</kind>
         <file>rtsv7M4_T_le_eabi.lib</file>
         <name>autoinit.c.obj</name>
      </input_file>
      <input_file id="fl-e0">
         <path>C:\ti\ccs1260\ccs\tools\compiler\ti-cgt-arm_20.2.7.LTS\lib\</path>
         <kind>archive</kind>
         <file>rtsv7M4_T_le_eabi.lib</file>
         <name>pre_init.c.obj</name>
      </input_file>
      <input_file id="fl-e1">
         <path>C:\ti\ccs1260\ccs\tools\compiler\ti-cgt-arm_20.2.7.LTS\lib\</path>
         <kind>archive</kind>
         <file>rtsv7M4_T_le_eabi.lib</file>
         <name>cpy_tbl.c.obj</name>
      </input_file>
      <input_file id="fl-e2">
         <path>C:\ti\ccs1260\ccs\tools\compiler\ti-cgt-arm_20.2.7.LTS\lib\</path>
         <kind>archive</kind>
         <file>rtsv7M4_T_le_eabi.lib</file>
         <name>exit.c.obj</name>
      </input_file>
      <input_file id="fl-e3">
         <path>C:\ti\ccs1260\ccs\tools\compiler\ti-cgt-arm_20.2.7.LTS\lib\</path>
         <kind>archive</kind>
         <file>rtsv7M4_T_le_eabi.lib</file>
         <name>_lock.c.obj</name>
      </input_file>
      <input_file id="fl-e4">
         <path>C:\ti\ccs1260\ccs\tools\compiler\ti-cgt-arm_20.2.7.LTS\lib\</path>
         <kind>archive</kind>
         <file>rtsv7M4_T_le_eabi.lib</file>
         <name>_ltoa.c.obj</name>
      </input_file>
      <input_file id="fl-e5">
         <path>C:\ti\ccs1260\ccs\tools\compiler\ti-cgt-arm_20.2.7.LTS\lib\</path>
         <kind>archive</kind>
         <file>rtsv7M4_T_le_eabi.lib</file>
         <name>args_main.c.obj</name>
      </input_file>
      <input_file id="fl-e6">
         <path>C:\ti\ccs1260\ccs\tools\compiler\ti-cgt-arm_20.2.7.LTS\lib\</path>
         <kind>archive</kind>
         <file>rtsv7M4_T_le_eabi.lib</file>
         <name>atoi.c.obj</name>
      </input_file>
      <input_file id="fl-e7">
         <path>C:\ti\ccs1260\ccs\tools\compiler\ti-cgt-arm_20.2.7.LTS\lib\</path>
         <kind>archive</kind>
         <file>rtsv7M4_T_le_eabi.lib</file>
         <name>ctype.c.obj</name>
      </input_file>
      <input_file id="fl-e8">
         <path>C:\ti\ccs1260\ccs\tools\compiler\ti-cgt-arm_20.2.7.LTS\lib\</path>
         <kind>archive</kind>
         <file>rtsv7M4_T_le_eabi.lib</file>
         <name>memccpy.c.obj</name>
      </input_file>
      <input_file id="fl-e9">
         <path>C:\ti\ccs1260\ccs\tools\compiler\ti-cgt-arm_20.2.7.LTS\lib\</path>
         <kind>archive</kind>
         <file>rtsv7M4_T_le_eabi.lib</file>
         <name>strchr.c.obj</name>
      </input_file>
      <input_file id="fl-ea">
         <path>C:\ti\ccs1260\ccs\tools\compiler\ti-cgt-arm_20.2.7.LTS\lib\</path>
         <kind>archive</kind>
         <file>rtsv7M4_T_le_eabi.lib</file>
         <name>errno.c.obj</name>
      </input_file>
      <input_file id="fl-eb">
         <path>C:\ti\ccs1260\ccs\tools\compiler\ti-cgt-arm_20.2.7.LTS\lib\</path>
         <kind>archive</kind>
         <file>rtsv7M4_T_le_eabi.lib</file>
         <name>wcslen.c.obj</name>
      </input_file>
      <input_file id="fl-ec">
         <path>C:\ti\ccs1260\ccs\tools\compiler\ti-cgt-arm_20.2.7.LTS\lib\</path>
         <kind>archive</kind>
         <file>rtsv7M4_T_le_eabi.lib</file>
         <name>s_frexp.c.obj</name>
      </input_file>
      <input_file id="fl-ed">
         <path>C:\ti\ccs1260\ccs\tools\compiler\ti-cgt-arm_20.2.7.LTS\lib\</path>
         <kind>archive</kind>
         <file>rtsv7M4_T_le_eabi.lib</file>
         <name>s_scalbn.c.obj</name>
      </input_file>
      <input_file id="fl-ee">
         <path>C:\ti\ccs1260\ccs\tools\compiler\ti-cgt-arm_20.2.7.LTS\lib\</path>
         <kind>archive</kind>
         <file>rtsv7M4_T_le_eabi.lib</file>
         <name>s_copysign.c.obj</name>
      </input_file>
   </input_file_list>
   <object_component_list>
      <object_component id="oc-12">
         <name>.intvecs</name>
         <load_address>0x20004000</load_address>
         <run_address>0x20004000</run_address>
         <size>0x400</size>
         <input_file_ref idref="fl-7"/>
      </object_component>
      <object_component id="oc-137">
         <name>.text</name>
         <load_address>0x20004400</load_address>
         <run_address>0x20004400</run_address>
         <size>0xd60</size>
         <input_file_ref idref="fl-5"/>
      </object_component>
      <object_component id="oc-24d">
         <name>.text</name>
         <load_address>0x20005160</load_address>
         <run_address>0x20005160</run_address>
         <size>0xa80</size>
         <input_file_ref idref="fl-2"/>
      </object_component>
      <object_component id="oc-290">
         <name>.text:__TI_printfi</name>
         <load_address>0x20005be0</load_address>
         <run_address>0x20005be0</run_address>
         <size>0xa4e</size>
         <input_file_ref idref="fl-d6"/>
      </object_component>
      <object_component id="oc-31b">
         <name>.text:_nop</name>
         <load_address>0x2000662e</load_address>
         <run_address>0x2000662e</run_address>
         <size>0x2</size>
         <input_file_ref idref="fl-e3"/>
      </object_component>
      <object_component id="oc-131">
         <name>.text</name>
         <load_address>0x20006630</load_address>
         <run_address>0x20006630</run_address>
         <size>0x49e</size>
         <input_file_ref idref="fl-3"/>
      </object_component>
      <object_component id="oc-434">
         <name>.text</name>
         <load_address>0x20006ace</load_address>
         <run_address>0x20006ace</run_address>
         <size>0x2</size>
         <input_file_ref idref="fl-d7"/>
      </object_component>
      <object_component id="oc-97">
         <name>.text</name>
         <load_address>0x20006ad0</load_address>
         <run_address>0x20006ad0</run_address>
         <size>0x2b0</size>
         <input_file_ref idref="fl-4"/>
      </object_component>
      <object_component id="oc-dd">
         <name>.text</name>
         <load_address>0x20006d80</load_address>
         <run_address>0x20006d80</run_address>
         <size>0x27c</size>
         <input_file_ref idref="fl-8"/>
      </object_component>
      <object_component id="oc-361">
         <name>.text:_pconv_a</name>
         <load_address>0x20006ffc</load_address>
         <run_address>0x20006ffc</run_address>
         <size>0x268</size>
         <input_file_ref idref="fl-d6"/>
      </object_component>
      <object_component id="oc-34f">
         <name>.text:_pconv_g</name>
         <load_address>0x20007264</load_address>
         <run_address>0x20007264</run_address>
         <size>0x1cc</size>
         <input_file_ref idref="fl-d6"/>
      </object_component>
      <object_component id="oc-3de">
         <name>.text</name>
         <load_address>0x20007430</load_address>
         <run_address>0x20007430</run_address>
         <size>0x1b6</size>
         <input_file_ref idref="fl-d8"/>
      </object_component>
      <object_component id="oc-119">
         <name>.text:PRCMCC3200MCUInit</name>
         <load_address>0x200075e8</load_address>
         <run_address>0x200075e8</run_address>
         <size>0x178</size>
         <input_file_ref idref="fl-11"/>
      </object_component>
      <object_component id="oc-35b">
         <name>.text:_pconv_e</name>
         <load_address>0x20007760</load_address>
         <run_address>0x20007760</run_address>
         <size>0x13c</size>
         <input_file_ref idref="fl-d6"/>
      </object_component>
      <object_component id="oc-3c4">
         <name>.text</name>
         <load_address>0x2000789c</load_address>
         <run_address>0x2000789c</run_address>
         <size>0x136</size>
         <input_file_ref idref="fl-da"/>
      </object_component>
      <object_component id="oc-3f0">
         <name>.text:fcvt</name>
         <load_address>0x200079d4</load_address>
         <run_address>0x200079d4</run_address>
         <size>0x120</size>
         <input_file_ref idref="fl-d6"/>
      </object_component>
      <object_component id="oc-2b4">
         <name>.text:aligned_alloc</name>
         <load_address>0x20007af4</load_address>
         <run_address>0x20007af4</run_address>
         <size>0x100</size>
         <input_file_ref idref="fl-d3"/>
      </object_component>
      <object_component id="oc-11f">
         <name>.text</name>
         <load_address>0x20007bf4</load_address>
         <run_address>0x20007bf4</run_address>
         <size>0xfc</size>
         <input_file_ref idref="fl-6"/>
      </object_component>
      <object_component id="oc-3bf">
         <name>.text</name>
         <load_address>0x20007cf0</load_address>
         <run_address>0x20007cf0</run_address>
         <size>0xfc</size>
         <input_file_ref idref="fl-db"/>
      </object_component>
      <object_component id="oc-1c8">
         <name>.text:free</name>
         <load_address>0x20007dec</load_address>
         <run_address>0x20007dec</run_address>
         <size>0xe4</size>
         <input_file_ref idref="fl-d3"/>
      </object_component>
      <object_component id="oc-1c2">
         <name>.text:realloc</name>
         <load_address>0x20007ed0</load_address>
         <run_address>0x20007ed0</run_address>
         <size>0xe4</size>
         <input_file_ref idref="fl-d3"/>
      </object_component>
      <object_component id="oc-404">
         <name>.text:scalbn</name>
         <load_address>0x20007fb4</load_address>
         <run_address>0x20007fb4</run_address>
         <size>0xd0</size>
         <input_file_ref idref="fl-ed"/>
      </object_component>
      <object_component id="oc-344">
         <name>.text:_ltostr</name>
         <load_address>0x20008084</load_address>
         <run_address>0x20008084</run_address>
         <size>0xb1</size>
         <input_file_ref idref="fl-d6"/>
      </object_component>
      <object_component id="oc-113">
         <name>.text:IntEnable</name>
         <load_address>0x20008138</load_address>
         <run_address>0x20008138</run_address>
         <size>0xa8</size>
         <input_file_ref idref="fl-f"/>
      </object_component>
      <object_component id="oc-ef">
         <name>.text:SPIConfigSetExpClk</name>
         <load_address>0x200081e0</load_address>
         <run_address>0x200081e0</run_address>
         <size>0xa0</size>
         <input_file_ref idref="fl-12"/>
      </object_component>
      <object_component id="oc-3d">
         <name>.text</name>
         <load_address>0x20008280</load_address>
         <run_address>0x20008280</run_address>
         <size>0x9c</size>
         <input_file_ref idref="fl-cd"/>
      </object_component>
      <object_component id="oc-3b8">
         <name>.text</name>
         <load_address>0x2000831c</load_address>
         <run_address>0x2000831c</run_address>
         <size>0x96</size>
         <input_file_ref idref="fl-ce"/>
      </object_component>
      <object_component id="oc-e9">
         <name>.text:PRCMPeripheralClockGet</name>
         <load_address>0x200083b4</load_address>
         <run_address>0x200083b4</run_address>
         <size>0x94</size>
         <input_file_ref idref="fl-11"/>
      </object_component>
      <object_component id="oc-2f4">
         <name>.text:PinConfigSet</name>
         <load_address>0x20008448</load_address>
         <run_address>0x20008448</run_address>
         <size>0x88</size>
         <input_file_ref idref="fl-10"/>
      </object_component>
      <object_component id="oc-34a">
         <name>.text:__aeabi_cdcmple</name>
         <load_address>0x200084d0</load_address>
         <run_address>0x200084d0</run_address>
         <size>0x86</size>
         <input_file_ref idref="fl-d9"/>
      </object_component>
      <object_component id="oc-3c9">
         <name>.text:__aeabi_cdrcmple</name>
         <load_address>0x20008556</load_address>
         <run_address>0x20008556</run_address>
         <size>0x86</size>
         <input_file_ref idref="fl-d9"/>
      </object_component>
      <object_component id="oc-c5">
         <name>.text:SPIIntStatus</name>
         <load_address>0x200085dc</load_address>
         <run_address>0x200085dc</run_address>
         <size>0x7c</size>
         <input_file_ref idref="fl-12"/>
      </object_component>
      <object_component id="oc-8b">
         <name>.text</name>
         <load_address>0x20008658</load_address>
         <run_address>0x20008658</run_address>
         <size>0x7a</size>
         <input_file_ref idref="fl-de"/>
      </object_component>
      <object_component id="oc-192">
         <name>.text:UARTConfigSetExpClk</name>
         <load_address>0x200086d2</load_address>
         <run_address>0x200086d2</run_address>
         <size>0x76</size>
         <input_file_ref idref="fl-13"/>
      </object_component>
      <object_component id="oc-2c1">
         <name>.text:split</name>
         <load_address>0x20008748</load_address>
         <run_address>0x20008748</run_address>
         <size>0x70</size>
         <input_file_ref idref="fl-d3"/>
      </object_component>
      <object_component id="oc-3e9">
         <name>.text:_mcpy</name>
         <load_address>0x200087b8</load_address>
         <run_address>0x200087b8</run_address>
         <size>0x6e</size>
         <input_file_ref idref="fl-d6"/>
      </object_component>
      <object_component id="oc-15">
         <name>.text:decompress:lzss:__TI_decompress_lzss</name>
         <load_address>0x20008826</load_address>
         <run_address>0x20008826</run_address>
         <size>0x68</size>
         <input_file_ref idref="fl-d1"/>
      </object_component>
      <object_component id="oc-3fe">
         <name>.text:frexp</name>
         <load_address>0x20008890</load_address>
         <run_address>0x20008890</run_address>
         <size>0x5c</size>
         <input_file_ref idref="fl-ec"/>
      </object_component>
      <object_component id="oc-12b">
         <name>.text:PRCMPeripheralReset</name>
         <load_address>0x200088ec</load_address>
         <run_address>0x200088ec</run_address>
         <size>0x58</size>
         <input_file_ref idref="fl-11"/>
      </object_component>
      <object_component id="oc-355">
         <name>.text:_pconv_f</name>
         <load_address>0x20008944</load_address>
         <run_address>0x20008944</run_address>
         <size>0x56</size>
         <input_file_ref idref="fl-d6"/>
      </object_component>
      <object_component id="oc-3d3">
         <name>.text:__TI_ltoa</name>
         <load_address>0x2000899a</load_address>
         <run_address>0x2000899a</run_address>
         <size>0x54</size>
         <input_file_ref idref="fl-e4"/>
      </object_component>
      <object_component id="oc-3e3">
         <name>.text:_ecpy</name>
         <load_address>0x200089ee</load_address>
         <run_address>0x200089ee</run_address>
         <size>0x52</size>
         <input_file_ref idref="fl-d6"/>
      </object_component>
      <object_component id="oc-101">
         <name>.text:SPIIntEnable</name>
         <load_address>0x20008a40</load_address>
         <run_address>0x20008a40</run_address>
         <size>0x4c</size>
         <input_file_ref idref="fl-12"/>
      </object_component>
      <object_component id="oc-1e1">
         <name>.text:SPIIntNumberGet</name>
         <load_address>0x20008a8c</load_address>
         <run_address>0x20008a8c</run_address>
         <size>0x4c</size>
         <input_file_ref idref="fl-12"/>
      </object_component>
      <object_component id="oc-33e">
         <name>.text:atoi</name>
         <load_address>0x20008ad8</load_address>
         <run_address>0x20008ad8</run_address>
         <size>0x4c</size>
         <input_file_ref idref="fl-e6"/>
      </object_component>
      <object_component id="oc-cb">
         <name>.text:SPIIntClear</name>
         <load_address>0x20008b24</load_address>
         <run_address>0x20008b24</run_address>
         <size>0x48</size>
         <input_file_ref idref="fl-12"/>
      </object_component>
      <object_component id="oc-3ce">
         <name>.text</name>
         <load_address>0x20008b6c</load_address>
         <run_address>0x20008b6c</run_address>
         <size>0x48</size>
         <input_file_ref idref="fl-dc"/>
      </object_component>
      <object_component id="oc-182">
         <name>.text:SPIDmaMaskGet</name>
         <load_address>0x20008bb4</load_address>
         <run_address>0x20008bb4</run_address>
         <size>0x44</size>
         <input_file_ref idref="fl-12"/>
      </object_component>
      <object_component id="oc-150">
         <name>.text:__TI_auto_init_nobinit_nopinit:__TI_auto_init_nobinit_nopinit</name>
         <load_address>0x20008bf8</load_address>
         <run_address>0x20008bf8</run_address>
         <size>0x44</size>
         <input_file_ref idref="fl-df"/>
      </object_component>
      <object_component id="oc-214">
         <name>.text:PinModeSet</name>
         <load_address>0x20008c3c</load_address>
         <run_address>0x20008c3c</run_address>
         <size>0x40</size>
         <input_file_ref idref="fl-10"/>
      </object_component>
      <object_component id="oc-19e">
         <name>.text:vsnprintf</name>
         <load_address>0x20008c7c</load_address>
         <run_address>0x20008c7c</run_address>
         <size>0x40</size>
         <input_file_ref idref="fl-cc"/>
      </object_component>
      <object_component id="oc-3f6">
         <name>.text:_fcpy</name>
         <load_address>0x20008cbc</load_address>
         <run_address>0x20008cbc</run_address>
         <size>0x3e</size>
         <input_file_ref idref="fl-d6"/>
      </object_component>
      <object_component id="oc-125">
         <name>.text:PRCMPeripheralClkEnable</name>
         <load_address>0x20008cfc</load_address>
         <run_address>0x20008cfc</run_address>
         <size>0x3c</size>
         <input_file_ref idref="fl-11"/>
      </object_component>
      <object_component id="oc-220">
         <name>.text:GPIODirModeSet</name>
         <load_address>0x20008d38</load_address>
         <run_address>0x20008d38</run_address>
         <size>0x36</size>
         <input_file_ref idref="fl-e"/>
      </object_component>
      <object_component id="oc-21a">
         <name>.text:PinTypeGPIO</name>
         <load_address>0x20008d6e</load_address>
         <run_address>0x20008d6e</run_address>
         <size>0x30</size>
         <input_file_ref idref="fl-10"/>
      </object_component>
      <object_component id="oc-282">
         <name>.text:UARTDisable</name>
         <load_address>0x20008da0</load_address>
         <run_address>0x20008da0</run_address>
         <size>0x30</size>
         <input_file_ref idref="fl-13"/>
      </object_component>
      <object_component id="oc-296">
         <name>.text:_outs</name>
         <load_address>0x20008dd0</load_address>
         <run_address>0x20008dd0</run_address>
         <size>0x30</size>
         <input_file_ref idref="fl-cc"/>
      </object_component>
      <object_component id="oc-3d9">
         <name>.text</name>
         <load_address>0x20008e00</load_address>
         <run_address>0x20008e00</run_address>
         <size>0x2e</size>
         <input_file_ref idref="fl-dd"/>
      </object_component>
      <object_component id="oc-1fb">
         <name>.text:PRCMSysResetCauseGet</name>
         <load_address>0x20008e30</load_address>
         <run_address>0x20008e30</run_address>
         <size>0x2c</size>
         <input_file_ref idref="fl-11"/>
      </object_component>
      <object_component id="oc-d7">
         <name>.text:SPIDataGetNonBlocking</name>
         <load_address>0x20008e5c</load_address>
         <run_address>0x20008e5c</run_address>
         <size>0x2a</size>
         <input_file_ref idref="fl-12"/>
      </object_component>
      <object_component id="oc-20d">
         <name>.text:PRCMPeripheralClkDisable</name>
         <load_address>0x20008e88</load_address>
         <run_address>0x20008e88</run_address>
         <size>0x28</size>
         <input_file_ref idref="fl-11"/>
      </object_component>
      <object_component id="oc-2c8">
         <name>.text:free_list_insert</name>
         <load_address>0x20008eb0</load_address>
         <run_address>0x20008eb0</run_address>
         <size>0x28</size>
         <input_file_ref idref="fl-d3"/>
      </object_component>
      <object_component id="oc-1b6">
         <name>.text:memmove</name>
         <load_address>0x20008ed8</load_address>
         <run_address>0x20008ed8</run_address>
         <size>0x28</size>
         <input_file_ref idref="fl-d2"/>
      </object_component>
      <object_component id="oc-288">
         <name>.text:UARTEnable</name>
         <load_address>0x20008f00</load_address>
         <run_address>0x20008f00</run_address>
         <size>0x24</size>
         <input_file_ref idref="fl-13"/>
      </object_component>
      <object_component id="oc-5b">
         <name>.text:_c_int00_noargs:_c_int00_noargs</name>
         <load_address>0x20008f24</load_address>
         <run_address>0x20008f24</run_address>
         <size>0x24</size>
         <input_file_ref idref="fl-d5"/>
      </object_component>
      <object_component id="oc-e3">
         <name>.text:SPIReset</name>
         <load_address>0x20008f48</load_address>
         <run_address>0x20008f48</run_address>
         <size>0x22</size>
         <input_file_ref idref="fl-12"/>
      </object_component>
      <object_component id="oc-233">
         <name>.text:GPIOPinWrite</name>
         <load_address>0x20008f6a</load_address>
         <run_address>0x20008f6a</run_address>
         <size>0x20</size>
         <input_file_ref idref="fl-e"/>
      </object_component>
      <object_component id="oc-1e7">
         <name>.text:IntRegister</name>
         <load_address>0x20008f8c</load_address>
         <run_address>0x20008f8c</run_address>
         <size>0x20</size>
         <input_file_ref idref="fl-f"/>
      </object_component>
      <object_component id="oc-23f">
         <name>.text:SPIDataGet</name>
         <load_address>0x20008fac</load_address>
         <run_address>0x20008fac</run_address>
         <size>0x20</size>
         <input_file_ref idref="fl-12"/>
      </object_component>
      <object_component id="oc-d1">
         <name>.text:SPIDataPut</name>
         <load_address>0x20008fcc</load_address>
         <run_address>0x20008fcc</run_address>
         <size>0x1e</size>
         <input_file_ref idref="fl-12"/>
      </object_component>
      <object_component id="oc-fb">
         <name>.text:SPIIntRegister</name>
         <load_address>0x20008fea</load_address>
         <run_address>0x20008fea</run_address>
         <size>0x1e</size>
         <input_file_ref idref="fl-12"/>
      </object_component>
      <object_component id="oc-198">
         <name>.text:UARTCharPut</name>
         <load_address>0x20009008</load_address>
         <run_address>0x20009008</run_address>
         <size>0x1e</size>
         <input_file_ref idref="fl-13"/>
      </object_component>
      <object_component id="oc-1aa">
         <name>.text:UARTCharGetNonBlocking</name>
         <load_address>0x20009026</load_address>
         <run_address>0x20009026</run_address>
         <size>0x1c</size>
         <input_file_ref idref="fl-13"/>
      </object_component>
      <object_component id="oc-49">
         <name>.text:decompress:ZI:__TI_zero_init_nomemset:__TI_zero_init_nomemset</name>
         <load_address>0x20009042</load_address>
         <run_address>0x20009042</run_address>
         <size>0x1c</size>
         <input_file_ref idref="fl-cf"/>
      </object_component>
      <object_component id="oc-2bb">
         <name>.text:free_list_remove</name>
         <load_address>0x20009060</load_address>
         <run_address>0x20009060</run_address>
         <size>0x1c</size>
         <input_file_ref idref="fl-d3"/>
      </object_component>
      <object_component id="oc-367">
         <name>.text:memccpy</name>
         <load_address>0x2000907c</load_address>
         <run_address>0x2000907c</run_address>
         <size>0x1c</size>
         <input_file_ref idref="fl-e8"/>
      </object_component>
      <object_component id="oc-226">
         <name>.text:PinTypeSPI</name>
         <load_address>0x20009098</load_address>
         <run_address>0x20009098</run_address>
         <size>0x1a</size>
         <input_file_ref idref="fl-10"/>
      </object_component>
      <object_component id="oc-245">
         <name>.text:SPICSDisable</name>
         <load_address>0x200090b2</load_address>
         <run_address>0x200090b2</run_address>
         <size>0x18</size>
         <input_file_ref idref="fl-12"/>
      </object_component>
      <object_component id="oc-239">
         <name>.text:SPICSEnable</name>
         <load_address>0x200090ca</load_address>
         <run_address>0x200090ca</run_address>
         <size>0x18</size>
         <input_file_ref idref="fl-12"/>
      </object_component>
      <object_component id="oc-f5">
         <name>.text:SPIEnable</name>
         <load_address>0x200090e2</load_address>
         <run_address>0x200090e2</run_address>
         <size>0x18</size>
         <input_file_ref idref="fl-12"/>
      </object_component>
      <object_component id="oc-1a4">
         <name>.text:UARTCharsAvail</name>
         <load_address>0x200090fa</load_address>
         <run_address>0x200090fa</run_address>
         <size>0x18</size>
         <input_file_ref idref="fl-13"/>
      </object_component>
      <object_component id="oc-29c">
         <name>.text:_outc</name>
         <load_address>0x20009112</load_address>
         <run_address>0x20009112</run_address>
         <size>0x18</size>
         <input_file_ref idref="fl-cc"/>
      </object_component>
      <object_component id="oc-201">
         <name>.text:PRCMHIBRegRead</name>
         <load_address>0x2000912a</load_address>
         <run_address>0x2000912a</run_address>
         <size>0x16</size>
         <input_file_ref idref="fl-11"/>
      </object_component>
      <object_component id="oc-207">
         <name>.text:PRCMHIBRegWrite</name>
         <load_address>0x20009140</load_address>
         <run_address>0x20009140</run_address>
         <size>0x16</size>
         <input_file_ref idref="fl-11"/>
      </object_component>
      <object_component id="oc-40a">
         <name>.text:strchr</name>
         <load_address>0x20009156</load_address>
         <run_address>0x20009156</run_address>
         <size>0x16</size>
         <input_file_ref idref="fl-e9"/>
      </object_component>
      <object_component id="oc-1f0">
         <name>.text:CPUcpsie</name>
         <load_address>0x2000916c</load_address>
         <run_address>0x2000916c</run_address>
         <size>0x14</size>
         <input_file_ref idref="fl-15"/>
      </object_component>
      <object_component id="oc-107">
         <name>.text:IntVTableBaseSet</name>
         <load_address>0x20009180</load_address>
         <run_address>0x20009180</run_address>
         <size>0x14</size>
         <input_file_ref idref="fl-f"/>
      </object_component>
      <object_component id="oc-1b0">
         <name>.text:strlen</name>
         <load_address>0x20009194</load_address>
         <run_address>0x20009194</run_address>
         <size>0x14</size>
         <input_file_ref idref="fl-d4"/>
      </object_component>
      <object_component id="oc-36d">
         <name>.text:wcslen</name>
         <load_address>0x200091a8</load_address>
         <run_address>0x200091a8</run_address>
         <size>0x12</size>
         <input_file_ref idref="fl-eb"/>
      </object_component>
      <object_component id="oc-1b">
         <name>.text:decompress:none:__TI_decompress_none</name>
         <load_address>0x200091ba</load_address>
         <run_address>0x200091ba</run_address>
         <size>0xe</size>
         <input_file_ref idref="fl-d0"/>
      </object_component>
      <object_component id="oc-29">
         <name>.text</name>
         <load_address>0x200091c8</load_address>
         <run_address>0x200091c8</run_address>
         <size>0xe</size>
         <input_file_ref idref="fl-7"/>
      </object_component>
      <object_component id="oc-44d">
         <name>.text:copysign</name>
         <load_address>0x200091d6</load_address>
         <run_address>0x200091d6</run_address>
         <size>0xc</size>
         <input_file_ref idref="fl-ee"/>
      </object_component>
      <object_component id="oc-10d">
         <name>.text:IntMasterEnable</name>
         <load_address>0x200091e2</load_address>
         <run_address>0x200091e2</run_address>
         <size>0xa</size>
         <input_file_ref idref="fl-f"/>
      </object_component>
      <object_component id="oc-373">
         <name>.text:__aeabi_errno_addr</name>
         <load_address>0x200091ec</load_address>
         <run_address>0x200091ec</run_address>
         <size>0x8</size>
         <input_file_ref idref="fl-ea"/>
      </object_component>
      <object_component id="oc-1bc">
         <name>.text:malloc</name>
         <load_address>0x200091f4</load_address>
         <run_address>0x200091f4</run_address>
         <size>0x8</size>
         <input_file_ref idref="fl-d3"/>
      </object_component>
      <object_component id="oc-2ec">
         <name>.text:UtilsDelay</name>
         <load_address>0x200091fc</load_address>
         <run_address>0x200091fc</run_address>
         <size>0x6</size>
         <input_file_ref idref="fl-14"/>
      </object_component>
      <object_component id="oc-91">
         <name>.text:_system_pre_init</name>
         <load_address>0x20009202</load_address>
         <run_address>0x20009202</run_address>
         <size>0x4</size>
         <input_file_ref idref="fl-e0"/>
      </object_component>
      <object_component id="oc-144">
         <name>.text:abort:abort</name>
         <load_address>0x20009206</load_address>
         <run_address>0x20009206</run_address>
         <size>0x4</size>
         <input_file_ref idref="fl-e2"/>
      </object_component>
      <object_component id="oc-30c">
         <name>.const:.string:font</name>
         <load_address>0x2000920c</load_address>
         <run_address>0x2000920c</run_address>
         <size>0x4fb</size>
         <input_file_ref idref="fl-2"/>
      </object_component>
      <object_component id="oc-253">
         <name>.const:.string:font</name>
         <load_address>0x20009707</load_address>
         <run_address>0x20009707</run_address>
         <size>0x4fb</size>
         <input_file_ref idref="fl-5"/>
      </object_component>
      <object_component id="oc-3b3">
         <name>.const:.string:_ctypes_</name>
         <load_address>0x20009c02</load_address>
         <run_address>0x20009c02</run_address>
         <size>0x101</size>
         <input_file_ref idref="fl-e7"/>
      </object_component>
      <object_component id="oc-2f0">
         <name>.const:g_ulPinToPadMap</name>
         <load_address>0x20009d04</load_address>
         <run_address>0x20009d04</run_address>
         <size>0x100</size>
         <input_file_ref idref="fl-10"/>
      </object_component>
      <object_component id="oc-22d">
         <name>.const:PRCM_PeriphRegsList</name>
         <load_address>0x20009e04</load_address>
         <run_address>0x20009e04</run_address>
         <size>0xa8</size>
         <input_file_ref idref="fl-11"/>
      </object_component>
      <object_component id="oc-2e2">
         <name>.const:g_ppulSPIIntMap</name>
         <load_address>0x20009eac</load_address>
         <run_address>0x20009eac</run_address>
         <size>0x24</size>
         <input_file_ref idref="fl-12"/>
      </object_component>
      <object_component id="oc-1f7">
         <name>.const:g_pulEnRegs</name>
         <load_address>0x20009ed0</load_address>
         <run_address>0x20009ed0</run_address>
         <size>0x18</size>
         <input_file_ref idref="fl-f"/>
      </object_component>
      <object_component id="oc-27c">
         <name>.const:g_ulSPIDmaMaskMap</name>
         <load_address>0x20009ee8</load_address>
         <run_address>0x20009ee8</run_address>
         <size>0x18</size>
         <input_file_ref idref="fl-12"/>
      </object_component>
      <object_component id="oc-4a5">
         <name>.cinit..data.load</name>
         <load_address>0x20009f00</load_address>
         <run_address>0x20009f00</run_address>
         <size>0x20</size>
      </object_component>
      <object_component id="oc-4a3">
         <name>__TI_handler_table</name>
         <load_address>0x20009f20</load_address>
         <run_address>0x20009f20</run_address>
         <size>0xc</size>
      </object_component>
      <object_component id="oc-4a6">
         <name>.cinit..bss.load</name>
         <load_address>0x20009f30</load_address>
         <run_address>0x20009f30</run_address>
         <size>0x8</size>
      </object_component>
      <object_component id="oc-4a4">
         <name>__TI_cinit_table</name>
         <load_address>0x20009f38</load_address>
         <run_address>0x20009f38</run_address>
         <size>0x10</size>
      </object_component>
      <object_component id="oc-30f">
         <name>.data</name>
         <load_address>0x2001786c</load_address>
         <run_address>0x2001786c</run_address>
         <size>0x15</size>
         <input_file_ref idref="fl-2"/>
      </object_component>
      <object_component id="oc-38d">
         <name>.data:$O1$$</name>
         <load_address>0x2001788c</load_address>
         <run_address>0x2001788c</run_address>
         <size>0x8</size>
         <input_file_ref idref="fl-d3"/>
      </object_component>
      <object_component id="oc-260">
         <name>.data:$O1$$</name>
         <load_address>0x20017884</load_address>
         <run_address>0x20017884</run_address>
         <size>0x8</size>
         <input_file_ref idref="fl-e3"/>
      </object_component>
      <object_component id="oc-41a">
         <name>.data</name>
         <load_address>0x20017894</load_address>
         <run_address>0x20017894</run_address>
         <size>0x4</size>
         <input_file_ref idref="fl-ea"/>
      </object_component>
      <object_component id="oc-13d">
         <name>.bss:g_ucTxBuff</name>
         <uninitialized>true</uninitialized>
         <run_address>0x20017800</run_address>
         <size>0x64</size>
         <input_file_ref idref="fl-4"/>
      </object_component>
      <object_component id="oc-140">
         <name>.bss</name>
         <uninitialized>true</uninitialized>
         <run_address>0x20017868</run_address>
         <size>0x2</size>
         <input_file_ref idref="fl-4"/>
      </object_component>
      <object_component id="oc-1ce">
         <name>.bss</name>
         <uninitialized>true</uninitialized>
         <run_address>0x20017864</run_address>
         <size>0x4</size>
         <input_file_ref idref="fl-8"/>
      </object_component>
      <object_component id="oc-23">
         <name>.sysmem</name>
         <uninitialized>true</uninitialized>
         <run_address>0x20017000</run_address>
         <size>0x10</size>
         <input_file_ref idref="fl-d3"/>
      </object_component>
      <object_component id="oc-4a9">
         <name>.sysmem</name>
         <uninitialized>true</uninitialized>
         <run_address>0x20017000</run_address>
         <size>0x0</size>
      </object_component>
      <object_component id="oc-26">
         <name>.stack</name>
         <uninitialized>true</uninitialized>
         <run_address>0x2002f800</run_address>
         <size>0x4</size>
         <input_file_ref idref="fl-d5"/>
      </object_component>
      <object_component id="oc-4a8">
         <name>.stack</name>
         <uninitialized>true</uninitialized>
         <run_address>0x2002f800</run_address>
         <size>0x0</size>
      </object_component>
      <object_component id="oc-313">
         <name>.debug_info</name>
         <load_address>0x0</load_address>
         <run_address>0x0</run_address>
         <size>0x21d</size>
         <input_file_ref idref="fl-2"/>
      </object_component>
      <object_component id="oc-30d">
         <name>.debug_info</name>
         <load_address>0x21d</load_address>
         <run_address>0x21d</run_address>
         <size>0xcf</size>
         <input_file_ref idref="fl-2"/>
      </object_component>
      <object_component id="oc-310">
         <name>.debug_info</name>
         <load_address>0x2ec</load_address>
         <run_address>0x2ec</run_address>
         <size>0x17d</size>
         <input_file_ref idref="fl-2"/>
      </object_component>
      <object_component id="oc-24e">
         <name>.debug_info</name>
         <load_address>0x469</load_address>
         <run_address>0x469</run_address>
         <size>0x153b</size>
         <input_file_ref idref="fl-2"/>
      </object_component>
      <object_component id="oc-38">
         <name>.debug_info</name>
         <load_address>0x19a4</load_address>
         <run_address>0x19a4</run_address>
         <size>0x84</size>
         <input_file_ref idref="fl-2"/>
      </object_component>
      <object_component id="oc-24c">
         <name>.debug_info</name>
         <load_address>0x1a28</load_address>
         <run_address>0x1a28</run_address>
         <size>0x21e</size>
         <input_file_ref idref="fl-3"/>
      </object_component>
      <object_component id="oc-134">
         <name>.debug_info</name>
         <load_address>0x1c46</load_address>
         <run_address>0x1c46</run_address>
         <size>0xe5e</size>
         <input_file_ref idref="fl-3"/>
      </object_component>
      <object_component id="oc-301">
         <name>.debug_info</name>
         <load_address>0x2aa4</load_address>
         <run_address>0x2aa4</run_address>
         <size>0x62</size>
         <input_file_ref idref="fl-3"/>
      </object_component>
      <object_component id="oc-189">
         <name>.debug_info</name>
         <load_address>0x2b06</load_address>
         <run_address>0x2b06</run_address>
         <size>0x2c</size>
         <input_file_ref idref="fl-3"/>
      </object_component>
      <object_component id="oc-bc">
         <name>.debug_info</name>
         <load_address>0x2b32</load_address>
         <run_address>0x2b32</run_address>
         <size>0x2c</size>
         <input_file_ref idref="fl-3"/>
      </object_component>
      <object_component id="oc-2d8">
         <name>.debug_info</name>
         <load_address>0x2b5e</load_address>
         <run_address>0x2b5e</run_address>
         <size>0x35</size>
         <input_file_ref idref="fl-3"/>
      </object_component>
      <object_component id="oc-259">
         <name>.debug_info</name>
         <load_address>0x2b93</load_address>
         <run_address>0x2b93</run_address>
         <size>0x750</size>
         <input_file_ref idref="fl-4"/>
      </object_component>
      <object_component id="oc-13e">
         <name>.debug_info</name>
         <load_address>0x32e3</load_address>
         <run_address>0x32e3</run_address>
         <size>0xd3</size>
         <input_file_ref idref="fl-4"/>
      </object_component>
      <object_component id="oc-141">
         <name>.debug_info</name>
         <load_address>0x33b6</load_address>
         <run_address>0x33b6</run_address>
         <size>0xfb</size>
         <input_file_ref idref="fl-4"/>
      </object_component>
      <object_component id="oc-99">
         <name>.debug_info</name>
         <load_address>0x34b1</load_address>
         <run_address>0x34b1</run_address>
         <size>0x5ba</size>
         <input_file_ref idref="fl-4"/>
      </object_component>
      <object_component id="oc-316">
         <name>.debug_info</name>
         <load_address>0x3a6b</load_address>
         <run_address>0x3a6b</run_address>
         <size>0x41b</size>
         <input_file_ref idref="fl-5"/>
      </object_component>
      <object_component id="oc-254">
         <name>.debug_info</name>
         <load_address>0x3e86</load_address>
         <run_address>0x3e86</run_address>
         <size>0xcc</size>
         <input_file_ref idref="fl-5"/>
      </object_component>
      <object_component id="oc-139">
         <name>.debug_info</name>
         <load_address>0x3f52</load_address>
         <run_address>0x3f52</run_address>
         <size>0x16fa</size>
         <input_file_ref idref="fl-5"/>
      </object_component>
      <object_component id="oc-121">
         <name>.debug_info</name>
         <load_address>0x564c</load_address>
         <run_address>0x564c</run_address>
         <size>0x336</size>
         <input_file_ref idref="fl-6"/>
      </object_component>
      <object_component id="oc-31">
         <name>.debug_info</name>
         <load_address>0x5982</load_address>
         <run_address>0x5982</run_address>
         <size>0x18d</size>
         <input_file_ref idref="fl-7"/>
      </object_component>
      <object_component id="oc-13">
         <name>.debug_info</name>
         <load_address>0x5b0f</load_address>
         <run_address>0x5b0f</run_address>
         <size>0x10c</size>
         <input_file_ref idref="fl-7"/>
      </object_component>
      <object_component id="oc-2b">
         <name>.debug_info</name>
         <load_address>0x5c1b</load_address>
         <run_address>0x5c1b</run_address>
         <size>0x42d</size>
         <input_file_ref idref="fl-7"/>
      </object_component>
      <object_component id="oc-1d2">
         <name>.debug_info</name>
         <load_address>0x6048</load_address>
         <run_address>0x6048</run_address>
         <size>0x3ab</size>
         <input_file_ref idref="fl-8"/>
      </object_component>
      <object_component id="oc-1cf">
         <name>.debug_info</name>
         <load_address>0x63f3</load_address>
         <run_address>0x63f3</run_address>
         <size>0xd6</size>
         <input_file_ref idref="fl-8"/>
      </object_component>
      <object_component id="oc-de">
         <name>.debug_info</name>
         <load_address>0x64c9</load_address>
         <run_address>0x64c9</run_address>
         <size>0x63c</size>
         <input_file_ref idref="fl-8"/>
      </object_component>
      <object_component id="oc-2d3">
         <name>.debug_info</name>
         <load_address>0x6b05</load_address>
         <run_address>0x6b05</run_address>
         <size>0x26b</size>
         <input_file_ref idref="fl-8"/>
      </object_component>
      <object_component id="oc-1d8">
         <name>.debug_info</name>
         <load_address>0x6d70</load_address>
         <run_address>0x6d70</run_address>
         <size>0x110</size>
         <input_file_ref idref="fl-8"/>
      </object_component>
      <object_component id="oc-2dd">
         <name>.debug_info</name>
         <load_address>0x6e80</load_address>
         <run_address>0x6e80</run_address>
         <size>0x2a4</size>
         <input_file_ref idref="fl-8"/>
      </object_component>
      <object_component id="oc-1d3">
         <name>.debug_info</name>
         <load_address>0x7124</load_address>
         <run_address>0x7124</run_address>
         <size>0x2c</size>
         <input_file_ref idref="fl-8"/>
      </object_component>
      <object_component id="oc-222">
         <name>.debug_info</name>
         <load_address>0x7150</load_address>
         <run_address>0x7150</run_address>
         <size>0x1dd</size>
         <input_file_ref idref="fl-e"/>
      </object_component>
      <object_component id="oc-234">
         <name>.debug_info</name>
         <load_address>0x732d</load_address>
         <run_address>0x732d</run_address>
         <size>0x1d4</size>
         <input_file_ref idref="fl-e"/>
      </object_component>
      <object_component id="oc-2e7">
         <name>.debug_info</name>
         <load_address>0x7501</load_address>
         <run_address>0x7501</run_address>
         <size>0x201</size>
         <input_file_ref idref="fl-f"/>
      </object_component>
      <object_component id="oc-1f8">
         <name>.debug_info</name>
         <load_address>0x7702</load_address>
         <run_address>0x7702</run_address>
         <size>0xf4</size>
         <input_file_ref idref="fl-f"/>
      </object_component>
      <object_component id="oc-111">
         <name>.debug_info</name>
         <load_address>0x77f6</load_address>
         <run_address>0x77f6</run_address>
         <size>0x17c</size>
         <input_file_ref idref="fl-f"/>
      </object_component>
      <object_component id="oc-10b">
         <name>.debug_info</name>
         <load_address>0x7972</load_address>
         <run_address>0x7972</run_address>
         <size>0x1ae</size>
         <input_file_ref idref="fl-f"/>
      </object_component>
      <object_component id="oc-1eb">
         <name>.debug_info</name>
         <load_address>0x7b20</load_address>
         <run_address>0x7b20</run_address>
         <size>0x1f8</size>
         <input_file_ref idref="fl-f"/>
      </object_component>
      <object_component id="oc-117">
         <name>.debug_info</name>
         <load_address>0x7d18</load_address>
         <run_address>0x7d18</run_address>
         <size>0x19f</size>
         <input_file_ref idref="fl-f"/>
      </object_component>
      <object_component id="oc-39a">
         <name>.debug_info</name>
         <load_address>0x7eb7</load_address>
         <run_address>0x7eb7</run_address>
         <size>0x14e</size>
         <input_file_ref idref="fl-10"/>
      </object_component>
      <object_component id="oc-2f1">
         <name>.debug_info</name>
         <load_address>0x8005</load_address>
         <run_address>0x8005</run_address>
         <size>0xf6</size>
         <input_file_ref idref="fl-10"/>
      </object_component>
      <object_component id="oc-217">
         <name>.debug_info</name>
         <load_address>0x80fb</load_address>
         <run_address>0x80fb</run_address>
         <size>0x1bf</size>
         <input_file_ref idref="fl-10"/>
      </object_component>
      <object_component id="oc-2f8">
         <name>.debug_info</name>
         <load_address>0x82ba</load_address>
         <run_address>0x82ba</run_address>
         <size>0x20d</size>
         <input_file_ref idref="fl-10"/>
      </object_component>
      <object_component id="oc-22a">
         <name>.debug_info</name>
         <load_address>0x84c7</load_address>
         <run_address>0x84c7</run_address>
         <size>0x1d2</size>
         <input_file_ref idref="fl-10"/>
      </object_component>
      <object_component id="oc-21e">
         <name>.debug_info</name>
         <load_address>0x8699</load_address>
         <run_address>0x8699</run_address>
         <size>0x222</size>
         <input_file_ref idref="fl-10"/>
      </object_component>
      <object_component id="oc-232">
         <name>.debug_info</name>
         <load_address>0x88bb</load_address>
         <run_address>0x88bb</run_address>
         <size>0x25e</size>
         <input_file_ref idref="fl-11"/>
      </object_component>
      <object_component id="oc-22e">
         <name>.debug_info</name>
         <load_address>0x8b19</load_address>
         <run_address>0x8b19</run_address>
         <size>0xff</size>
         <input_file_ref idref="fl-11"/>
      </object_component>
      <object_component id="oc-1fd">
         <name>.debug_info</name>
         <load_address>0x8c18</load_address>
         <run_address>0x8c18</run_address>
         <size>0x1a6</size>
         <input_file_ref idref="fl-11"/>
      </object_component>
      <object_component id="oc-126">
         <name>.debug_info</name>
         <load_address>0x8dbe</load_address>
         <run_address>0x8dbe</run_address>
         <size>0x1eb</size>
         <input_file_ref idref="fl-11"/>
      </object_component>
      <object_component id="oc-20e">
         <name>.debug_info</name>
         <load_address>0x8fa9</load_address>
         <run_address>0x8fa9</run_address>
         <size>0x1ed</size>
         <input_file_ref idref="fl-11"/>
      </object_component>
      <object_component id="oc-ea">
         <name>.debug_info</name>
         <load_address>0x9196</load_address>
         <run_address>0x9196</run_address>
         <size>0x216</size>
         <input_file_ref idref="fl-11"/>
      </object_component>
      <object_component id="oc-12c">
         <name>.debug_info</name>
         <load_address>0x93ac</load_address>
         <run_address>0x93ac</run_address>
         <size>0x1c0</size>
         <input_file_ref idref="fl-11"/>
      </object_component>
      <object_component id="oc-11a">
         <name>.debug_info</name>
         <load_address>0x956c</load_address>
         <run_address>0x956c</run_address>
         <size>0x283</size>
         <input_file_ref idref="fl-11"/>
      </object_component>
      <object_component id="oc-203">
         <name>.debug_info</name>
         <load_address>0x97ef</load_address>
         <run_address>0x97ef</run_address>
         <size>0x1bf</size>
         <input_file_ref idref="fl-11"/>
      </object_component>
      <object_component id="oc-209">
         <name>.debug_info</name>
         <load_address>0x99ae</load_address>
         <run_address>0x99ae</run_address>
         <size>0x1d4</size>
         <input_file_ref idref="fl-11"/>
      </object_component>
      <object_component id="oc-191">
         <name>.debug_info</name>
         <load_address>0x9b82</load_address>
         <run_address>0x9b82</run_address>
         <size>0x232</size>
         <input_file_ref idref="fl-12"/>
      </object_component>
      <object_component id="oc-2e3">
         <name>.debug_info</name>
         <load_address>0x9db4</load_address>
         <run_address>0x9db4</run_address>
         <size>0xf6</size>
         <input_file_ref idref="fl-12"/>
      </object_component>
      <object_component id="oc-27d">
         <name>.debug_info</name>
         <load_address>0x9eaa</load_address>
         <run_address>0x9eaa</run_address>
         <size>0xfa</size>
         <input_file_ref idref="fl-12"/>
      </object_component>
      <object_component id="oc-1e4">
         <name>.debug_info</name>
         <load_address>0x9fa4</load_address>
         <run_address>0x9fa4</run_address>
         <size>0x19c</size>
         <input_file_ref idref="fl-12"/>
      </object_component>
      <object_component id="oc-185">
         <name>.debug_info</name>
         <load_address>0xa140</load_address>
         <run_address>0xa140</run_address>
         <size>0x198</size>
         <input_file_ref idref="fl-12"/>
      </object_component>
      <object_component id="oc-f7">
         <name>.debug_info</name>
         <load_address>0xa2d8</load_address>
         <run_address>0xa2d8</run_address>
         <size>0x179</size>
         <input_file_ref idref="fl-12"/>
      </object_component>
      <object_component id="oc-e6">
         <name>.debug_info</name>
         <load_address>0xa451</load_address>
         <run_address>0xa451</run_address>
         <size>0x177</size>
         <input_file_ref idref="fl-12"/>
      </object_component>
      <object_component id="oc-f2">
         <name>.debug_info</name>
         <load_address>0xa5c8</load_address>
         <run_address>0xa5c8</run_address>
         <size>0x28e</size>
         <input_file_ref idref="fl-12"/>
      </object_component>
      <object_component id="oc-da">
         <name>.debug_info</name>
         <load_address>0xa856</load_address>
         <run_address>0xa856</run_address>
         <size>0x1de</size>
         <input_file_ref idref="fl-12"/>
      </object_component>
      <object_component id="oc-241">
         <name>.debug_info</name>
         <load_address>0xaa34</load_address>
         <run_address>0xaa34</run_address>
         <size>0x1aa</size>
         <input_file_ref idref="fl-12"/>
      </object_component>
      <object_component id="oc-d2">
         <name>.debug_info</name>
         <load_address>0xabde</load_address>
         <run_address>0xabde</run_address>
         <size>0x1a6</size>
         <input_file_ref idref="fl-12"/>
      </object_component>
      <object_component id="oc-fd">
         <name>.debug_info</name>
         <load_address>0xad84</load_address>
         <run_address>0xad84</run_address>
         <size>0x20a</size>
         <input_file_ref idref="fl-12"/>
      </object_component>
      <object_component id="oc-103">
         <name>.debug_info</name>
         <load_address>0xaf8e</load_address>
         <run_address>0xaf8e</run_address>
         <size>0x1fc</size>
         <input_file_ref idref="fl-12"/>
      </object_component>
      <object_component id="oc-c7">
         <name>.debug_info</name>
         <load_address>0xb18a</load_address>
         <run_address>0xb18a</run_address>
         <size>0x218</size>
         <input_file_ref idref="fl-12"/>
      </object_component>
      <object_component id="oc-cd">
         <name>.debug_info</name>
         <load_address>0xb3a2</load_address>
         <run_address>0xb3a2</run_address>
         <size>0x1fa</size>
         <input_file_ref idref="fl-12"/>
      </object_component>
      <object_component id="oc-23b">
         <name>.debug_info</name>
         <load_address>0xb59c</load_address>
         <run_address>0xb59c</run_address>
         <size>0x17d</size>
         <input_file_ref idref="fl-12"/>
      </object_component>
      <object_component id="oc-247">
         <name>.debug_info</name>
         <load_address>0xb719</load_address>
         <run_address>0xb719</run_address>
         <size>0x17f</size>
         <input_file_ref idref="fl-12"/>
      </object_component>
      <object_component id="oc-193">
         <name>.debug_info</name>
         <load_address>0xb898</load_address>
         <run_address>0xb898</run_address>
         <size>0x25c</size>
         <input_file_ref idref="fl-13"/>
      </object_component>
      <object_component id="oc-28a">
         <name>.debug_info</name>
         <load_address>0xbaf4</load_address>
         <run_address>0xbaf4</run_address>
         <size>0x17e</size>
         <input_file_ref idref="fl-13"/>
      </object_component>
      <object_component id="oc-283">
         <name>.debug_info</name>
         <load_address>0xbc72</load_address>
         <run_address>0xbc72</run_address>
         <size>0x180</size>
         <input_file_ref idref="fl-13"/>
      </object_component>
      <object_component id="oc-1a5">
         <name>.debug_info</name>
         <load_address>0xbdf2</load_address>
         <run_address>0xbdf2</run_address>
         <size>0x18a</size>
         <input_file_ref idref="fl-13"/>
      </object_component>
      <object_component id="oc-1ab">
         <name>.debug_info</name>
         <load_address>0xbf7c</load_address>
         <run_address>0xbf7c</run_address>
         <size>0x19a</size>
         <input_file_ref idref="fl-13"/>
      </object_component>
      <object_component id="oc-199">
         <name>.debug_info</name>
         <load_address>0xc116</load_address>
         <run_address>0xc116</run_address>
         <size>0x1ab</size>
         <input_file_ref idref="fl-13"/>
      </object_component>
      <object_component id="oc-1f1">
         <name>.debug_info</name>
         <load_address>0xc2c1</load_address>
         <run_address>0xc2c1</run_address>
         <size>0x14e</size>
         <input_file_ref idref="fl-15"/>
      </object_component>
      <object_component id="oc-2a3">
         <name>.debug_info</name>
         <load_address>0xc40f</load_address>
         <run_address>0xc40f</run_address>
         <size>0x212</size>
         <input_file_ref idref="fl-cc"/>
      </object_component>
      <object_component id="oc-1a2">
         <name>.debug_info</name>
         <load_address>0xc621</load_address>
         <run_address>0xc621</run_address>
         <size>0x208</size>
         <input_file_ref idref="fl-cc"/>
      </object_component>
      <object_component id="oc-29a">
         <name>.debug_info</name>
         <load_address>0xc829</load_address>
         <run_address>0xc829</run_address>
         <size>0x1c6</size>
         <input_file_ref idref="fl-cc"/>
      </object_component>
      <object_component id="oc-2a0">
         <name>.debug_info</name>
         <load_address>0xc9ef</load_address>
         <run_address>0xc9ef</run_address>
         <size>0x179</size>
         <input_file_ref idref="fl-cc"/>
      </object_component>
      <object_component id="oc-2a4">
         <name>.debug_info</name>
         <load_address>0xcb68</load_address>
         <run_address>0xcb68</run_address>
         <size>0x2c</size>
         <input_file_ref idref="fl-cc"/>
      </object_component>
      <object_component id="oc-2a9">
         <name>.debug_info</name>
         <load_address>0xcb94</load_address>
         <run_address>0xcb94</run_address>
         <size>0x69</size>
         <input_file_ref idref="fl-cc"/>
      </object_component>
      <object_component id="oc-40">
         <name>.debug_info</name>
         <load_address>0xcbfd</load_address>
         <run_address>0xcbfd</run_address>
         <size>0x119</size>
         <input_file_ref idref="fl-cd"/>
      </object_component>
      <object_component id="oc-3bb">
         <name>.debug_info</name>
         <load_address>0xcd16</load_address>
         <run_address>0xcd16</run_address>
         <size>0x134</size>
         <input_file_ref idref="fl-ce"/>
      </object_component>
      <object_component id="oc-8a">
         <name>.debug_info</name>
         <load_address>0xce4a</load_address>
         <run_address>0xce4a</run_address>
         <size>0x1a6</size>
         <input_file_ref idref="fl-cf"/>
      </object_component>
      <object_component id="oc-4a">
         <name>.debug_info</name>
         <load_address>0xcff0</load_address>
         <run_address>0xcff0</run_address>
         <size>0x1d2</size>
         <input_file_ref idref="fl-cf"/>
      </object_component>
      <object_component id="oc-85">
         <name>.debug_info</name>
         <load_address>0xd1c2</load_address>
         <run_address>0xd1c2</run_address>
         <size>0x46</size>
         <input_file_ref idref="fl-cf"/>
      </object_component>
      <object_component id="oc-48">
         <name>.debug_info</name>
         <load_address>0xd208</load_address>
         <run_address>0xd208</run_address>
         <size>0x17a</size>
         <input_file_ref idref="fl-d0"/>
      </object_component>
      <object_component id="oc-1c">
         <name>.debug_info</name>
         <load_address>0xd382</load_address>
         <run_address>0xd382</run_address>
         <size>0x1ea</size>
         <input_file_ref idref="fl-d0"/>
      </object_component>
      <object_component id="oc-43">
         <name>.debug_info</name>
         <load_address>0xd56c</load_address>
         <run_address>0xd56c</run_address>
         <size>0x46</size>
         <input_file_ref idref="fl-d0"/>
      </object_component>
      <object_component id="oc-7d">
         <name>.debug_info</name>
         <load_address>0xd5b2</load_address>
         <run_address>0xd5b2</run_address>
         <size>0x2c</size>
         <input_file_ref idref="fl-d0"/>
      </object_component>
      <object_component id="oc-7b">
         <name>.debug_info</name>
         <load_address>0xd5de</load_address>
         <run_address>0xd5de</run_address>
         <size>0x170</size>
         <input_file_ref idref="fl-d1"/>
      </object_component>
      <object_component id="oc-16">
         <name>.debug_info</name>
         <load_address>0xd74e</load_address>
         <run_address>0xd74e</run_address>
         <size>0x250</size>
         <input_file_ref idref="fl-d1"/>
      </object_component>
      <object_component id="oc-33">
         <name>.debug_info</name>
         <load_address>0xd99e</load_address>
         <run_address>0xd99e</run_address>
         <size>0x60</size>
         <input_file_ref idref="fl-d1"/>
      </object_component>
      <object_component id="oc-b5">
         <name>.debug_info</name>
         <load_address>0xd9fe</load_address>
         <run_address>0xd9fe</run_address>
         <size>0x46</size>
         <input_file_ref idref="fl-d1"/>
      </object_component>
      <object_component id="oc-76">
         <name>.debug_info</name>
         <load_address>0xda44</load_address>
         <run_address>0xda44</run_address>
         <size>0x39</size>
         <input_file_ref idref="fl-d1"/>
      </object_component>
      <object_component id="oc-2b3">
         <name>.debug_info</name>
         <load_address>0xda7d</load_address>
         <run_address>0xda7d</run_address>
         <size>0x172</size>
         <input_file_ref idref="fl-d2"/>
      </object_component>
      <object_component id="oc-1ba">
         <name>.debug_info</name>
         <load_address>0xdbef</load_address>
         <run_address>0xdbef</run_address>
         <size>0x1a9</size>
         <input_file_ref idref="fl-d2"/>
      </object_component>
      <object_component id="oc-6f">
         <name>.debug_info</name>
         <load_address>0xdd98</load_address>
         <run_address>0xdd98</run_address>
         <size>0x284</size>
         <input_file_ref idref="fl-d3"/>
      </object_component>
      <object_component id="oc-24">
         <name>.debug_info</name>
         <load_address>0xe01c</load_address>
         <run_address>0xe01c</run_address>
         <size>0x10c</size>
         <input_file_ref idref="fl-d3"/>
      </object_component>
      <object_component id="oc-38e">
         <name>.debug_info</name>
         <load_address>0xe128</load_address>
         <run_address>0xe128</run_address>
         <size>0x13f</size>
         <input_file_ref idref="fl-d3"/>
      </object_component>
      <object_component id="oc-1bf">
         <name>.debug_info</name>
         <load_address>0xe267</load_address>
         <run_address>0xe267</run_address>
         <size>0x168</size>
         <input_file_ref idref="fl-d3"/>
      </object_component>
      <object_component id="oc-2bc">
         <name>.debug_info</name>
         <load_address>0xe3cf</load_address>
         <run_address>0xe3cf</run_address>
         <size>0x18e</size>
         <input_file_ref idref="fl-d3"/>
      </object_component>
      <object_component id="oc-2cb">
         <name>.debug_info</name>
         <load_address>0xe55d</load_address>
         <run_address>0xe55d</run_address>
         <size>0x19f</size>
         <input_file_ref idref="fl-d3"/>
      </object_component>
      <object_component id="oc-1c9">
         <name>.debug_info</name>
         <load_address>0xe6fc</load_address>
         <run_address>0xe6fc</run_address>
         <size>0x203</size>
         <input_file_ref idref="fl-d3"/>
      </object_component>
      <object_component id="oc-2c2">
         <name>.debug_info</name>
         <load_address>0xe8ff</load_address>
         <run_address>0xe8ff</run_address>
         <size>0x1db</size>
         <input_file_ref idref="fl-d3"/>
      </object_component>
      <object_component id="oc-1c3">
         <name>.debug_info</name>
         <load_address>0xeada</load_address>
         <run_address>0xeada</run_address>
         <size>0x26e</size>
         <input_file_ref idref="fl-d3"/>
      </object_component>
      <object_component id="oc-2b7">
         <name>.debug_info</name>
         <load_address>0xed48</load_address>
         <run_address>0xed48</run_address>
         <size>0x299</size>
         <input_file_ref idref="fl-d3"/>
      </object_component>
      <object_component id="oc-b0">
         <name>.debug_info</name>
         <load_address>0xefe1</load_address>
         <run_address>0xefe1</run_address>
         <size>0xb2</size>
         <input_file_ref idref="fl-d3"/>
      </object_component>
      <object_component id="oc-ab">
         <name>.debug_info</name>
         <load_address>0xf093</load_address>
         <run_address>0xf093</run_address>
         <size>0x2c</size>
         <input_file_ref idref="fl-d3"/>
      </object_component>
      <object_component id="oc-2b1">
         <name>.debug_info</name>
         <load_address>0xf0bf</load_address>
         <run_address>0xf0bf</run_address>
         <size>0x161</size>
         <input_file_ref idref="fl-d4"/>
      </object_component>
      <object_component id="oc-1b2">
         <name>.debug_info</name>
         <load_address>0xf220</load_address>
         <run_address>0xf220</run_address>
         <size>0x245</size>
         <input_file_ref idref="fl-d4"/>
      </object_component>
      <object_component id="oc-27">
         <name>.debug_info</name>
         <load_address>0xf465</load_address>
         <run_address>0xf465</run_address>
         <size>0x10b</size>
         <input_file_ref idref="fl-d5"/>
      </object_component>
      <object_component id="oc-5c">
         <name>.debug_info</name>
         <load_address>0xf570</load_address>
         <run_address>0xf570</run_address>
         <size>0x1a9</size>
         <input_file_ref idref="fl-d5"/>
      </object_component>
      <object_component id="oc-37a">
         <name>.debug_info</name>
         <load_address>0xf719</load_address>
         <run_address>0xf719</run_address>
         <size>0x462</size>
         <input_file_ref idref="fl-d6"/>
      </object_component>
      <object_component id="oc-346">
         <name>.debug_info</name>
         <load_address>0xfb7b</load_address>
         <run_address>0xfb7b</run_address>
         <size>0x21e</size>
         <input_file_ref idref="fl-d6"/>
      </object_component>
      <object_component id="oc-3e5">
         <name>.debug_info</name>
         <load_address>0xfd99</load_address>
         <run_address>0xfd99</run_address>
         <size>0x1b3</size>
         <input_file_ref idref="fl-d6"/>
      </object_component>
      <object_component id="oc-3eb">
         <name>.debug_info</name>
         <load_address>0xff4c</load_address>
         <run_address>0xff4c</run_address>
         <size>0x21b</size>
         <input_file_ref idref="fl-d6"/>
      </object_component>
      <object_component id="oc-351">
         <name>.debug_info</name>
         <load_address>0x10167</load_address>
         <run_address>0x10167</run_address>
         <size>0x3bf</size>
         <input_file_ref idref="fl-d6"/>
      </object_component>
      <object_component id="oc-3f2">
         <name>.debug_info</name>
         <load_address>0x10526</load_address>
         <run_address>0x10526</run_address>
         <size>0x30b</size>
         <input_file_ref idref="fl-d6"/>
      </object_component>
      <object_component id="oc-3f9">
         <name>.debug_info</name>
         <load_address>0x10831</load_address>
         <run_address>0x10831</run_address>
         <size>0x215</size>
         <input_file_ref idref="fl-d6"/>
      </object_component>
      <object_component id="oc-357">
         <name>.debug_info</name>
         <load_address>0x10a46</load_address>
         <run_address>0x10a46</run_address>
         <size>0x228</size>
         <input_file_ref idref="fl-d6"/>
      </object_component>
      <object_component id="oc-35d">
         <name>.debug_info</name>
         <load_address>0x10c6e</load_address>
         <run_address>0x10c6e</run_address>
         <size>0x303</size>
         <input_file_ref idref="fl-d6"/>
      </object_component>
      <object_component id="oc-364">
         <name>.debug_info</name>
         <load_address>0x10f71</load_address>
         <run_address>0x10f71</run_address>
         <size>0x4b4</size>
         <input_file_ref idref="fl-d6"/>
      </object_component>
      <object_component id="oc-293">
         <name>.debug_info</name>
         <load_address>0x11425</load_address>
         <run_address>0x11425</run_address>
         <size>0x5f4</size>
         <input_file_ref idref="fl-d6"/>
      </object_component>
      <object_component id="oc-37b">
         <name>.debug_info</name>
         <load_address>0x11a19</load_address>
         <run_address>0x11a19</run_address>
         <size>0x86</size>
         <input_file_ref idref="fl-d6"/>
      </object_component>
      <object_component id="oc-421">
         <name>.debug_info</name>
         <load_address>0x11a9f</load_address>
         <run_address>0x11a9f</run_address>
         <size>0x39</size>
         <input_file_ref idref="fl-d6"/>
      </object_component>
      <object_component id="oc-464">
         <name>.debug_info</name>
         <load_address>0x11ad8</load_address>
         <run_address>0x11ad8</run_address>
         <size>0xb6</size>
         <input_file_ref idref="fl-d6"/>
      </object_component>
      <object_component id="oc-426">
         <name>.debug_info</name>
         <load_address>0x11b8e</load_address>
         <run_address>0x11b8e</run_address>
         <size>0x46</size>
         <input_file_ref idref="fl-d6"/>
      </object_component>
      <object_component id="oc-380">
         <name>.debug_info</name>
         <load_address>0x11bd4</load_address>
         <run_address>0x11bd4</run_address>
         <size>0x46</size>
         <input_file_ref idref="fl-d6"/>
      </object_component>
      <object_component id="oc-435">
         <name>.debug_info</name>
         <load_address>0x11c1a</load_address>
         <run_address>0x11c1a</run_address>
         <size>0x115</size>
         <input_file_ref idref="fl-d7"/>
      </object_component>
      <object_component id="oc-3e0">
         <name>.debug_info</name>
         <load_address>0x11d2f</load_address>
[...]
         <object_component_ref idref="oc-137"/>
      </symbol>
      <symbol id="sm-1c6">
         <name>testfastlines</name>
         <value>0x200045cd</value>
         <object_component_ref idref="oc-137"/>
      </symbol>
      <symbol id="sm-1c7">
         <name>lcdTestPattern</name>
         <value>0x20004fc1</value>
         <object_component_ref idref="oc-137"/>
      </symbol>
      <symbol id="sm-1c8">
         <name>delay</name>
         <value>0x20004599</value>
         <object_component_ref idref="oc-137"/>
      </symbol>
      <symbol id="sm-1c9">
         <name>lcdTestPattern2</name>
         <value>0x20005091</value>
         <object_component_ref idref="oc-137"/>
      </symbol>
      <symbol id="sm-1ca">
         <name>testtriangles</name>
         <value>0x2000484f</value>
         <object_component_ref idref="oc-137"/>
      </symbol>
      <symbol id="sm-1cb">
         <name>testfillrects</name>
         <value>0x200046a5</value>
         <object_component_ref idref="oc-137"/>
      </symbol>
      <symbol id="sm-1cc">
         <name>testdrawrects</name>
         <value>0x2000463f</value>
         <object_component_ref idref="oc-137"/>
      </symbol>
      <symbol id="sm-1cd">
         <name>Hello_World</name>
         <value>0x2000446f</value>
         <object_component_ref idref="oc-137"/>
      </symbol>
      <symbol id="sm-1ce">
         <name>testfillcircles</name>
         <value>0x20004763</value>
         <object_component_ref idref="oc-137"/>
      </symbol>
      <symbol id="sm-1da">
         <name>PinMuxConfig</name>
         <value>0x20007bf5</value>
         <object_component_ref idref="oc-11f"/>
      </symbol>
      <symbol id="sm-1f9">
         <name>ResetISR</name>
         <value>0x200091c9</value>
         <object_component_ref idref="oc-29"/>
      </symbol>
      <symbol id="sm-1fa">
         <name>g_pfnVectors</name>
         <value>0x20004000</value>
         <object_component_ref idref="oc-12"/>
      </symbol>
      <symbol id="sm-24b">
         <name>GetCmd</name>
         <value>0x20006e03</value>
         <object_component_ref idref="oc-dd"/>
      </symbol>
      <symbol id="sm-24c">
         <name>Message</name>
         <value>0x20006d9f</value>
         <object_component_ref idref="oc-dd"/>
      </symbol>
      <symbol id="sm-24d">
         <name>Report</name>
         <value>0x20006f41</value>
         <object_component_ref idref="oc-dd"/>
      </symbol>
      <symbol id="sm-24e">
         <name>Error</name>
         <value>0x20006dcb</value>
         <object_component_ref idref="oc-dd"/>
      </symbol>
      <symbol id="sm-24f">
         <name>InitTerm</name>
         <value>0x20006d81</value>
         <object_component_ref idref="oc-dd"/>
      </symbol>
      <symbol id="sm-250">
         <name>ClearTerm</name>
         <value>0x20006dc1</value>
         <object_component_ref idref="oc-dd"/>
      </symbol>
      <symbol id="sm-251">
         <name>TrimSpace</name>
         <value>0x20006ea9</value>
         <object_component_ref idref="oc-dd"/>
      </symbol>
      <symbol id="sm-265">
         <name>GPIODirModeSet</name>
         <value>0x20008d39</value>
         <object_component_ref idref="oc-220"/>
      </symbol>
      <symbol id="sm-266">
         <name>GPIOPinWrite</name>
         <value>0x20008f6b</value>
         <object_component_ref idref="oc-233"/>
      </symbol>
      <symbol id="sm-29f">
         <name>IntVTableBaseSet</name>
         <value>0x20009181</value>
         <object_component_ref idref="oc-107"/>
      </symbol>
      <symbol id="sm-2a0">
         <name>IntEnable</name>
         <value>0x20008139</value>
         <object_component_ref idref="oc-113"/>
      </symbol>
      <symbol id="sm-2a1">
         <name>IntRegister</name>
         <value>0x20008f8d</value>
         <object_component_ref idref="oc-1e7"/>
      </symbol>
      <symbol id="sm-2a2">
         <name>IntMasterEnable</name>
         <value>0x200091e3</value>
         <object_component_ref idref="oc-10d"/>
      </symbol>
      <symbol id="sm-2d9">
         <name>PinTypeGPIO</name>
         <value>0x20008d6f</value>
         <object_component_ref idref="oc-21a"/>
      </symbol>
      <symbol id="sm-2da">
         <name>PinConfigSet</name>
         <value>0x20008449</value>
         <object_component_ref idref="oc-2f4"/>
      </symbol>
      <symbol id="sm-2db">
         <name>PinTypeSPI</name>
         <value>0x20009099</value>
         <object_component_ref idref="oc-226"/>
      </symbol>
      <symbol id="sm-2dc">
         <name>PinModeSet</name>
         <value>0x20008c3d</value>
         <object_component_ref idref="oc-214"/>
      </symbol>
      <symbol id="sm-362">
         <name>PRCMPeripheralReset</name>
         <value>0x200088ed</value>
         <object_component_ref idref="oc-12b"/>
      </symbol>
      <symbol id="sm-363">
         <name>PRCMPeripheralClkEnable</name>
         <value>0x20008cfd</value>
         <object_component_ref idref="oc-125"/>
      </symbol>
      <symbol id="sm-364">
         <name>PRCMPeripheralClockGet</name>
         <value>0x200083b5</value>
         <object_component_ref idref="oc-e9"/>
      </symbol>
      <symbol id="sm-365">
         <name>PRCMCC3200MCUInit</name>
         <value>0x200075e9</value>
         <object_component_ref idref="oc-119"/>
      </symbol>
      <symbol id="sm-366">
         <name>PRCMHIBRegWrite</name>
         <value>0x20009141</value>
         <object_component_ref idref="oc-207"/>
      </symbol>
      <symbol id="sm-367">
         <name>PRCMSysResetCauseGet</name>
         <value>0x20008e31</value>
         <object_component_ref idref="oc-1fb"/>
      </symbol>
      <symbol id="sm-368">
         <name>PRCMPeripheralClkDisable</name>
         <value>0x20008e89</value>
         <object_component_ref idref="oc-20d"/>
      </symbol>
      <symbol id="sm-369">
         <name>PRCMHIBRegRead</name>
         <value>0x2000912b</value>
         <object_component_ref idref="oc-201"/>
      </symbol>
      <symbol id="sm-419">
         <name>SPICSEnable</name>
         <value>0x200090cb</value>
         <object_component_ref idref="oc-239"/>
      </symbol>
      <symbol id="sm-41a">
         <name>SPIDataGetNonBlocking</name>
         <value>0x20008e5d</value>
         <object_component_ref idref="oc-d7"/>
      </symbol>
      <symbol id="sm-41b">
         <name>SPIDataPut</name>
         <value>0x20008fcd</value>
         <object_component_ref idref="oc-d1"/>
      </symbol>
      <symbol id="sm-41c">
         <name>SPIEnable</name>
         <value>0x200090e3</value>
         <object_component_ref idref="oc-f5"/>
      </symbol>
      <symbol id="sm-41d">
         <name>SPIDataGet</name>
         <value>0x20008fad</value>
         <object_component_ref idref="oc-23f"/>
      </symbol>
      <symbol id="sm-41e">
         <name>SPIConfigSetExpClk</name>
         <value>0x200081e1</value>
         <object_component_ref idref="oc-ef"/>
      </symbol>
      <symbol id="sm-41f">
         <name>SPIIntRegister</name>
         <value>0x20008feb</value>
         <object_component_ref idref="oc-fb"/>
      </symbol>
      <symbol id="sm-420">
         <name>SPIReset</name>
         <value>0x20008f49</value>
         <object_component_ref idref="oc-e3"/>
      </symbol>
      <symbol id="sm-421">
         <name>SPIIntStatus</name>
         <value>0x200085dd</value>
         <object_component_ref idref="oc-c5"/>
      </symbol>
      <symbol id="sm-422">
         <name>SPIIntEnable</name>
         <value>0x20008a41</value>
         <object_component_ref idref="oc-101"/>
      </symbol>
      <symbol id="sm-423">
         <name>SPIIntClear</name>
         <value>0x20008b25</value>
         <object_component_ref idref="oc-cb"/>
      </symbol>
      <symbol id="sm-424">
         <name>SPICSDisable</name>
         <value>0x200090b3</value>
         <object_component_ref idref="oc-245"/>
      </symbol>
      <symbol id="sm-460">
         <name>UARTConfigSetExpClk</name>
         <value>0x200086d3</value>
         <object_component_ref idref="oc-192"/>
      </symbol>
      <symbol id="sm-461">
         <name>UARTDisable</name>
         <value>0x20008da1</value>
         <object_component_ref idref="oc-282"/>
      </symbol>
      <symbol id="sm-462">
         <name>UARTCharsAvail</name>
         <value>0x200090fb</value>
         <object_component_ref idref="oc-1a4"/>
      </symbol>
      <symbol id="sm-463">
         <name>UARTCharGetNonBlocking</name>
         <value>0x20009027</value>
         <object_component_ref idref="oc-1aa"/>
      </symbol>
      <symbol id="sm-464">
         <name>UARTCharPut</name>
         <value>0x20009009</value>
         <object_component_ref idref="oc-198"/>
      </symbol>
      <symbol id="sm-465">
         <name>UARTEnable</name>
         <value>0x20008f01</value>
         <object_component_ref idref="oc-288"/>
      </symbol>
      <symbol id="sm-469">
         <name>UtilsDelay</name>
         <value>0x200091fd</value>
         <object_component_ref idref="oc-2ec"/>
      </symbol>
      <symbol id="sm-473">
         <name>CPUcpsie</name>
         <value>0x2000916d</value>
         <object_component_ref idref="oc-1f0"/>
      </symbol>
      <symbol id="sm-4a3">
         <name>vsnprintf</name>
         <value>0x20008c7d</value>
         <object_component_ref idref="oc-19e"/>
      </symbol>
      <symbol id="sm-4be">
         <name>memcpy</name>
         <value>0x20008281</value>
         <object_component_ref idref="oc-3d"/>
      </symbol>
      <symbol id="sm-4bf">
         <name>__aeabi_memcpy</name>
         <value>0x20008281</value>
         <object_component_ref idref="oc-3d"/>
      </symbol>
      <symbol id="sm-4c0">
         <name>__aeabi_memcpy8</name>
         <value>0x20008281</value>
         <object_component_ref idref="oc-3d"/>
      </symbol>
      <symbol id="sm-4c1">
         <name>__aeabi_memcpy4</name>
         <value>0x20008281</value>
         <object_component_ref idref="oc-3d"/>
      </symbol>
      <symbol id="sm-4ce">
         <name>__aeabi_uldivmod</name>
         <value>0x2000831d</value>
         <object_component_ref idref="oc-3b8"/>
      </symbol>
      <symbol id="sm-4e2">
         <name>__TI_zero_init_nomemset</name>
         <value>0x20009043</value>
         <object_component_ref idref="oc-49"/>
      </symbol>
      <symbol id="sm-4f9">
         <name>__TI_decompress_none</name>
         <value>0x200091bb</value>
         <object_component_ref idref="oc-1b"/>
      </symbol>
      <symbol id="sm-51c">
         <name>__TI_decompress_lzss</name>
         <value>0x20008827</value>
         <object_component_ref idref="oc-15"/>
      </symbol>
      <symbol id="sm-52d">
         <name>memmove</name>
         <value>0x20008ed9</value>
         <object_component_ref idref="oc-1b6"/>
      </symbol>
      <symbol id="sm-5cb">
         <name>_sys_memory</name>
         <value>0x20017000</value>
         <object_component_ref idref="oc-23"/>
      </symbol>
      <symbol id="sm-5cc">
         <name>free</name>
         <value>0x20007ded</value>
         <object_component_ref idref="oc-1c8"/>
      </symbol>
      <symbol id="sm-5cd">
         <name>realloc</name>
         <value>0x20007ed1</value>
         <object_component_ref idref="oc-1c2"/>
      </symbol>
      <symbol id="sm-5ce">
         <name>memalign</name>
         <value>0x20007af5</value>
         <object_component_ref idref="oc-2b4"/>
      </symbol>
      <symbol id="sm-5cf">
         <name>malloc</name>
         <value>0x200091f5</value>
         <object_component_ref idref="oc-1bc"/>
      </symbol>
      <symbol id="sm-5d0">
         <name>aligned_alloc</name>
         <value>0x20007af5</value>
         <object_component_ref idref="oc-2b4"/>
      </symbol>
      <symbol id="sm-5de">
         <name>strlen</name>
         <value>0x20009195</value>
         <object_component_ref idref="oc-1b0"/>
      </symbol>
      <symbol id="sm-5f0">
         <name>__stack</name>
         <value>0x2002f800</value>
         <object_component_ref idref="oc-26"/>
      </symbol>
      <symbol id="sm-5f1">
         <name>_c_int00_noargs</name>
         <value>0x20008f25</value>
         <object_component_ref idref="oc-5b"/>
      </symbol>
      <symbol id="sm-756">
         <name>__TI_printfi</name>
         <value>0x20005be1</value>
         <object_component_ref idref="oc-290"/>
      </symbol>
      <symbol id="sm-760">
         <name>__aeabi_idiv0</name>
         <value>0x20006acf</value>
         <object_component_ref idref="oc-434"/>
      </symbol>
      <symbol id="sm-761">
         <name>__aeabi_ldiv0</name>
         <value>0x20006acf</value>
         <object_component_ref idref="oc-434"/>
      </symbol>
      <symbol id="sm-778">
         <name>__aeabi_dsub</name>
         <value>0x20007431</value>
         <object_component_ref idref="oc-3de"/>
      </symbol>
      <symbol id="sm-779">
         <name>__aeabi_dadd</name>
         <value>0x2000743b</value>
         <object_component_ref idref="oc-3de"/>
      </symbol>
      <symbol id="sm-79b">
         <name>__aeabi_cdcmpeq</name>
         <value>0x200084d1</value>
         <object_component_ref idref="oc-34a"/>
      </symbol>
      <symbol id="sm-79c">
         <name>__aeabi_cdcmple</name>
         <value>0x200084d1</value>
         <object_component_ref idref="oc-34a"/>
      </symbol>
      <symbol id="sm-79d">
         <name>__aeabi_cdrcmple</name>
         <value>0x20008557</value>
         <object_component_ref idref="oc-3c9"/>
      </symbol>
      <symbol id="sm-7b1">
         <name>__aeabi_ddiv</name>
         <value>0x2000789d</value>
         <object_component_ref idref="oc-3c4"/>
      </symbol>
      <symbol id="sm-7bc">
         <name>__aeabi_dmul</name>
         <value>0x20007cf1</value>
         <object_component_ref idref="oc-3bf"/>
      </symbol>
      <symbol id="sm-7c6">
         <name>__aeabi_d2iz</name>
         <value>0x20008b6d</value>
         <object_component_ref idref="oc-3ce"/>
      </symbol>
      <symbol id="sm-7d0">
         <name>__aeabi_i2d</name>
         <value>0x20008e01</value>
         <object_component_ref idref="oc-3d9"/>
      </symbol>
      <symbol id="sm-7df">
         <name>__aeabi_memset</name>
         <value>0x2000865b</value>
         <object_component_ref idref="oc-8b"/>
      </symbol>
      <symbol id="sm-7e0">
         <name>memset</name>
         <value>0x20008661</value>
         <object_component_ref idref="oc-8b"/>
      </symbol>
      <symbol id="sm-7e1">
         <name>__aeabi_memset8</name>
         <value>0x2000865b</value>
         <object_component_ref idref="oc-8b"/>
      </symbol>
      <symbol id="sm-7e2">
         <name>__aeabi_memset4</name>
         <value>0x2000865b</value>
         <object_component_ref idref="oc-8b"/>
      </symbol>
      <symbol id="sm-7e3">
         <name>__aeabi_memclr8</name>
         <value>0x20008659</value>
         <object_component_ref idref="oc-8b"/>
      </symbol>
      <symbol id="sm-7e4">
         <name>__aeabi_memclr4</name>
         <value>0x20008659</value>
         <object_component_ref idref="oc-8b"/>
      </symbol>
      <symbol id="sm-7e5">
         <name>__aeabi_memclr</name>
         <value>0x20008659</value>
         <object_component_ref idref="oc-8b"/>
      </symbol>
      <symbol id="sm-80d">
         <name>__TI_auto_init_nobinit_nopinit</name>
         <value>0x20008bf9</value>
         <object_component_ref idref="oc-150"/>
      </symbol>
      <symbol id="sm-817">
         <name>_system_pre_init</name>
         <value>0x20009203</value>
         <object_component_ref idref="oc-91"/>
      </symbol>
      <symbol id="sm-823">
         <name>C$$EXIT</name>
         <value>0x20009207</value>
         <object_component_ref idref="oc-144"/>
      </symbol>
      <symbol id="sm-824">
         <name>abort</name>
         <value>0x20009207</value>
         <object_component_ref idref="oc-144"/>
      </symbol>
      <symbol id="sm-839">
         <name>_nop</name>
         <value>0x2000662f</value>
         <object_component_ref idref="oc-31b"/>
      </symbol>
      <symbol id="sm-83a">
         <name>_lock</name>
         <value>0x20017884</value>
         <object_component_ref idref="oc-260"/>
      </symbol>
      <symbol id="sm-83b">
         <name>_unlock</name>
         <value>0x20017888</value>
         <object_component_ref idref="oc-260"/>
      </symbol>
      <symbol id="sm-84a">
         <name>__TI_ltoa</name>
         <value>0x2000899b</value>
         <object_component_ref idref="oc-3d3"/>
      </symbol>
      <symbol id="sm-861">
         <name>atoi</name>
         <value>0x20008ad9</value>
         <object_component_ref idref="oc-33e"/>
      </symbol>
      <symbol id="sm-86c">
         <name>_ctypes_</name>
         <value>0x20009c02</value>
         <object_component_ref idref="oc-3b3"/>
      </symbol>
      <symbol id="sm-87c">
         <name>memccpy</name>
         <value>0x2000907d</value>
         <object_component_ref idref="oc-367"/>
      </symbol>
      <symbol id="sm-88c">
         <name>strchr</name>
         <value>0x20009157</value>
         <object_component_ref idref="oc-40a"/>
      </symbol>
      <symbol id="sm-8a2">
         <name>__aeabi_errno_addr</name>
         <value>0x200091ed</value>
         <object_component_ref idref="oc-373"/>
      </symbol>
      <symbol id="sm-8a3">
         <name>errno</name>
         <value>0x20017894</value>
         <object_component_ref idref="oc-41a"/>
      </symbol>
      <symbol id="sm-8bc">
         <name>wcslen</name>
         <value>0x200091a9</value>
         <object_component_ref idref="oc-36d"/>
      </symbol>
      <symbol id="sm-8dc">
         <name>frexpl</name>
         <value>0x20008891</value>
         <object_component_ref idref="oc-3fe"/>
      </symbol>
      <symbol id="sm-8dd">
         <name>frexp</name>
         <value>0x20008891</value>
         <object_component_ref idref="oc-3fe"/>
      </symbol>
      <symbol id="sm-8fb">
         <name>scalbn</name>
         <value>0x20007fb5</value>
         <object_component_ref idref="oc-404"/>
      </symbol>
      <symbol id="sm-8fc">
         <name>scalbnl</name>
         <value>0x20007fb5</value>
         <object_component_ref idref="oc-404"/>
      </symbol>
      <symbol id="sm-8fd">
         <name>ldexpl</name>
         <value>0x20007fb5</value>
         <object_component_ref idref="oc-404"/>
      </symbol>
      <symbol id="sm-8fe">
         <name>ldexp</name>
         <value>0x20007fb5</value>
         <object_component_ref idref="oc-404"/>
      </symbol>
      <symbol id="sm-908">
         <name>copysign</name>
         <value>0x200091d7</value>
         <object_component_ref idref="oc-44d"/>
      </symbol>
      <symbol id="sm-909">
         <name>copysignl</name>
         <value>0x200091d7</value>
         <object_component_ref idref="oc-44d"/>
      </symbol>
      <symbol id="sm-90a">
         <name>__TI_static_base__</name>
         <value>0x20009f00</value>
      </symbol>
      <symbol id="sm-90d">
         <name>__mpu_init</name>
         <value>0x0</value>
      </symbol>
      <symbol id="sm-90e">
         <name>_system_post_cinit</name>
         <value>0x0</value>
      </symbol>
   </symbol_table>
   <title>Link successful</title>
</link_info>
